Archive member included to satisfy reference by file (symbol)

d:/gnu tools arm embedded/7 2018-q2-update/bin/../lib/gcc/arm-none-eabi/7.3.1/../../../../arm-none-eabi/lib/thumb/v7-m\libc_nano.a(lib_a-clock.o)
                              OBJ/snake.o (clock)
d:/gnu tools arm embedded/7 2018-q2-update/bin/../lib/gcc/arm-none-eabi/7.3.1/../../../../arm-none-eabi/lib/thumb/v7-m\libc_nano.a(lib_a-exit.o)
                              d:/gnu tools arm embedded/7 2018-q2-update/bin/../lib/gcc/arm-none-eabi/7.3.1/../../../../arm-none-eabi/lib/thumb/v7-m/crt0.o (exit)
d:/gnu tools arm embedded/7 2018-q2-update/bin/../lib/gcc/arm-none-eabi/7.3.1/../../../../arm-none-eabi/lib/thumb/v7-m\libc_nano.a(lib_a-impure.o)
                              d:/gnu tools arm embedded/7 2018-q2-update/bin/../lib/gcc/arm-none-eabi/7.3.1/../../../../arm-none-eabi/lib/thumb/v7-m\libc_nano.a(lib_a-exit.o) (_global_impure_ptr)
d:/gnu tools arm embedded/7 2018-q2-update/bin/../lib/gcc/arm-none-eabi/7.3.1/../../../../arm-none-eabi/lib/thumb/v7-m\libc_nano.a(lib_a-init.o)
                              d:/gnu tools arm embedded/7 2018-q2-update/bin/../lib/gcc/arm-none-eabi/7.3.1/../../../../arm-none-eabi/lib/thumb/v7-m/crt0.o (__libc_init_array)
d:/gnu tools arm embedded/7 2018-q2-update/bin/../lib/gcc/arm-none-eabi/7.3.1/../../../../arm-none-eabi/lib/thumb/v7-m\libc_nano.a(lib_a-memset.o)
                              d:/gnu tools arm embedded/7 2018-q2-update/bin/../lib/gcc/arm-none-eabi/7.3.1/../../../../arm-none-eabi/lib/thumb/v7-m/crt0.o (memset)
d:/gnu tools arm embedded/7 2018-q2-update/bin/../lib/gcc/arm-none-eabi/7.3.1/../../../../arm-none-eabi/lib/thumb/v7-m\libc_nano.a(lib_a-printf.o)
                              OBJ/ILI93xx.o (printf)
d:/gnu tools arm embedded/7 2018-q2-update/bin/../lib/gcc/arm-none-eabi/7.3.1/../../../../arm-none-eabi/lib/thumb/v7-m\libc_nano.a(lib_a-rand.o)
                              OBJ/snake.o (srand)
d:/gnu tools arm embedded/7 2018-q2-update/bin/../lib/gcc/arm-none-eabi/7.3.1/../../../../arm-none-eabi/lib/thumb/v7-m\libc_nano.a(lib_a-sprintf.o)
                              OBJ/main.o (sprintf)
d:/gnu tools arm embedded/7 2018-q2-update/bin/../lib/gcc/arm-none-eabi/7.3.1/../../../../arm-none-eabi/lib/thumb/v7-m\libc_nano.a(lib_a-time.o)
                              OBJ/snake.o (time)
d:/gnu tools arm embedded/7 2018-q2-update/bin/../lib/gcc/arm-none-eabi/7.3.1/../../../../arm-none-eabi/lib/thumb/v7-m\libc_nano.a(lib_a-timesr.o)
                              d:/gnu tools arm embedded/7 2018-q2-update/bin/../lib/gcc/arm-none-eabi/7.3.1/../../../../arm-none-eabi/lib/thumb/v7-m\libc_nano.a(lib_a-clock.o) (_times_r)
d:/gnu tools arm embedded/7 2018-q2-update/bin/../lib/gcc/arm-none-eabi/7.3.1/../../../../arm-none-eabi/lib/thumb/v7-m\libc_nano.a(lib_a-findfp.o)
                              d:/gnu tools arm embedded/7 2018-q2-update/bin/../lib/gcc/arm-none-eabi/7.3.1/../../../../arm-none-eabi/lib/thumb/v7-m\libc_nano.a(lib_a-printf.o) (__sinit)
d:/gnu tools arm embedded/7 2018-q2-update/bin/../lib/gcc/arm-none-eabi/7.3.1/../../../../arm-none-eabi/lib/thumb/v7-m\libc_nano.a(lib_a-fwalk.o)
                              d:/gnu tools arm embedded/7 2018-q2-update/bin/../lib/gcc/arm-none-eabi/7.3.1/../../../../arm-none-eabi/lib/thumb/v7-m\libc_nano.a(lib_a-findfp.o) (_fwalk)
d:/gnu tools arm embedded/7 2018-q2-update/bin/../lib/gcc/arm-none-eabi/7.3.1/../../../../arm-none-eabi/lib/thumb/v7-m\libc_nano.a(lib_a-gettimeofdayr.o)
                              d:/gnu tools arm embedded/7 2018-q2-update/bin/../lib/gcc/arm-none-eabi/7.3.1/../../../../arm-none-eabi/lib/thumb/v7-m\libc_nano.a(lib_a-time.o) (_gettimeofday_r)
d:/gnu tools arm embedded/7 2018-q2-update/bin/../lib/gcc/arm-none-eabi/7.3.1/../../../../arm-none-eabi/lib/thumb/v7-m\libc_nano.a(lib_a-malloc.o)
                              d:/gnu tools arm embedded/7 2018-q2-update/bin/../lib/gcc/arm-none-eabi/7.3.1/../../../../arm-none-eabi/lib/thumb/v7-m\libc_nano.a(lib_a-rand.o) (malloc)
d:/gnu tools arm embedded/7 2018-q2-update/bin/../lib/gcc/arm-none-eabi/7.3.1/../../../../arm-none-eabi/lib/thumb/v7-m\libc_nano.a(lib_a-nano-freer.o)
                              d:/gnu tools arm embedded/7 2018-q2-update/bin/../lib/gcc/arm-none-eabi/7.3.1/../../../../arm-none-eabi/lib/thumb/v7-m\libc_nano.a(lib_a-malloc.o) (_free_r)
d:/gnu tools arm embedded/7 2018-q2-update/bin/../lib/gcc/arm-none-eabi/7.3.1/../../../../arm-none-eabi/lib/thumb/v7-m\libc_nano.a(lib_a-nano-mallocr.o)
                              d:/gnu tools arm embedded/7 2018-q2-update/bin/../lib/gcc/arm-none-eabi/7.3.1/../../../../arm-none-eabi/lib/thumb/v7-m\libc_nano.a(lib_a-findfp.o) (_malloc_r)
d:/gnu tools arm embedded/7 2018-q2-update/bin/../lib/gcc/arm-none-eabi/7.3.1/../../../../arm-none-eabi/lib/thumb/v7-m\libc_nano.a(lib_a-nano-svfprintf.o)
[...]
Memory Configuration

Name             Origin             Length             Attributes
RAM              0x20000000         0x0000c000         xrw
FLASH            0x08000000         0x00040000         xr
*default*        0x00000000         0xffffffff

Linker script and memory map

LOAD d:/gnu tools arm embedded/7 2018-q2-update/bin/../lib/gcc/arm-none-eabi/7.3.1/thumb/v7-m/crti.o
LOAD d:/gnu tools arm embedded/7 2018-q2-update/bin/../lib/gcc/arm-none-eabi/7.3.1/thumb/v7-m/crtbegin.o
LOAD d:/gnu tools arm embedded/7 2018-q2-update/bin/../lib/gcc/arm-none-eabi/7.3.1/../../../../arm-none-eabi/lib/thumb/v7-m/crt0.o
LOAD OBJ/sys.o
LOAD OBJ/main.o
LOAD OBJ/delay.o
LOAD OBJ/usart.o
LOAD OBJ/system_stm32f10x.o
LOAD OBJ/AI.o
LOAD OBJ/snake.o
LOAD OBJ/ILI93xx.o
LOAD OBJ/led.o
LOAD OBJ/startup_stm32f103xe.o
LOAD d:/gnu tools arm embedded/7 2018-q2-update/bin/../lib/gcc/arm-none-eabi/7.3.1/../../../../arm-none-eabi/lib/thumb/v7-m\libc_nano.a
LOAD d:/gnu tools arm embedded/7 2018-q2-update/bin/../lib/gcc/arm-none-eabi/7.3.1/../../../../arm-none-eabi/lib/thumb/v7-m\libm.a
LOAD d:/gnu tools arm embedded/7 2018-q2-update/bin/../lib/gcc/arm-none-eabi/7.3.1/../../../../arm-none-eabi/lib/thumb/v7-m\libnosys.a
START GROUP
LOAD d:/gnu tools arm embedded/7 2018-q2-update/bin/../lib/gcc/arm-none-eabi/7.3.1/thumb/v7-m\libgcc.a
LOAD d:/gnu tools arm embedded/7 2018-q2-update/bin/../lib/gcc/arm-none-eabi/7.3.1/../../../../arm-none-eabi/lib/thumb/v7-m\libc_nano.a
END GROUP
START GROUP
LOAD d:/gnu tools arm embedded/7 2018-q2-update/bin/../lib/gcc/arm-none-eabi/7.3.1/thumb/v7-m\libgcc.a
LOAD d:/gnu tools arm embedded/7 2018-q2-update/bin/../lib/gcc/arm-none-eabi/7.3.1/../../../../arm-none-eabi/lib/thumb/v7-m\libc_nano.a
END GROUP
LOAD d:/gnu tools arm embedded/7 2018-q2-update/bin/../lib/gcc/arm-none-eabi/7.3.1/thumb/v7-m/crtend.o
LOAD d:/gnu tools arm embedded/7 2018-q2-update/bin/../lib/gcc/arm-none-eabi/7.3.1/thumb/v7-m/crtn.o
                0x2000c000                _estack = 0x2000c000
                0x00000200                _Min_Heap_Size = 0x200
                0x00000400                _Min_Stack_Size = 0x400

.isr_vector     0x08000000      0x1e4
                0x08000000                . = ALIGN (0x4)
 *(.isr_vector)
 .isr_vector    0x08000000      0x1e4 OBJ/startup_stm32f103xe.o
                0x08000000                g_pfnVectors
                0x080001e4                . = ALIGN (0x4)

.text           0x080001e8     0xbd6c
                0x080001e8                . = ALIGN (0x4)
 *(.text)
 .text          0x080001e8       0x40 d:/gnu tools arm embedded/7 2018-q2-update/bin/../lib/gcc/arm-none-eabi/7.3.1/thumb/v7-m/crtbegin.o
 .text          0x08000228      0x378 d:/gnu tools arm embedded/7 2018-q2-update/bin/../lib/gcc/arm-none-eabi/7.3.1/thumb/v7-m\libgcc.a(_arm_addsubdf3.o)
                0x08000228                __aeabi_drsub
                0x08000230                __aeabi_dsub
                0x08000230                __subdf3
                0x08000234                __aeabi_dadd
                0x08000234                __adddf3
                0x080004ac                __floatunsidf
                0x080004ac                __aeabi_ui2d
                0x080004cc                __floatsidf
                0x080004cc                __aeabi_i2d
                0x080004f0                __aeabi_f2d
                0x080004f0                __extendsfdf2
                0x08000534                __floatundidf
                0x08000534                __aeabi_ul2d
                0x08000544                __floatdidf
                0x08000544                __aeabi_l2d
 .text          0x080005a0      0x424 d:/gnu tools arm embedded/7 2018-q2-update/bin/../lib/gcc/arm-none-eabi/7.3.1/thumb/v7-m\libgcc.a(_arm_muldivdf3.o)
                0x080005a0                __aeabi_dmul
                0x080005a0                __muldf3
                0x080007f4                __divdf3
                0x080007f4                __aeabi_ddiv
 .text          0x080009c4       0x40 d:/gnu tools arm embedded/7 2018-q2-update/bin/../lib/gcc/arm-none-eabi/7.3.1/thumb/v7-m\libgcc.a(_arm_fixunsdfsi.o)
                0x080009c4                __aeabi_d2uiz
                0x080009c4                __fixunsdfsi
 .text          0x08000a04      0x21c d:/gnu tools arm embedded/7 2018-q2-update/bin/../lib/gcc/arm-none-eabi/7.3.1/thumb/v7-m\libgcc.a(_arm_addsubsf3.o)
                0x08000a04                __aeabi_frsub
                0x08000a0c                __subsf3
                0x08000a0c                __aeabi_fsub
                0x08000a10                __aeabi_fadd
                0x08000a10                __addsf3
                0x08000b70                __aeabi_ui2f
                0x08000b70                __floatunsisf
                0x08000b78                __aeabi_i2f
                0x08000b78                __floatsisf
                0x08000b94                __aeabi_ul2f
                0x08000b94                __floatundisf
                0x08000ba4                __aeabi_l2f
                0x08000ba4                __floatdisf
 .text          0x08000c20      0x2a0 d:/gnu tools arm embedded/7 2018-q2-update/bin/../lib/gcc/arm-none-eabi/7.3.1/thumb/v7-m\libgcc.a(_arm_muldivsf3.o)
                0x08000c20                __mulsf3
                0x08000c20                __aeabi_fmul
                0x08000d88                __aeabi_fdiv
                0x08000d88                __divsf3
 .text          0x08000ec0       0x40 d:/gnu tools arm embedded/7 2018-q2-update/bin/../lib/gcc/arm-none-eabi/7.3.1/thumb/v7-m\libgcc.a(_arm_fixunssfsi.o)
                0x08000ec0                __fixunssfsi
                0x08000ec0                __aeabi_f2uiz
 *(.text*)
 .text.MY_NVIC_Init
                0x08000f00       0x70 OBJ/sys.o
                0x08000f00                MY_NVIC_Init
 .text.JTAG_Set
                0x08000f70       0x28 OBJ/sys.o
                0x08000f70                JTAG_Set
 .text.Stm32_Clock_Init
                0x08000f98       0xb4 OBJ/sys.o
                0x08000f98                Stm32_Clock_Init
 .text.startup.main
                0x0800104c      0x5fc OBJ/main.o
                0x0800104c                main
 .text.delay_init
                0x08001648       0x30 OBJ/delay.o
                0x08001648                delay_init
 .text.delay_us
                0x08001678       0x34 OBJ/delay.o
                0x08001678                delay_us
 .text.delay_ms
                0x080016ac       0x34 OBJ/delay.o
                0x080016ac                delay_ms
 .text.USART1_IRQHandler
                0x080016e0       0x64 OBJ/usart.o
                0x080016e0                USART1_IRQHandler
 .text.uart_init
                0x08001744       0xb4 OBJ/usart.o
                0x08001744                uart_init
 .text.SystemInit
                0x080017f8      0x104 OBJ/system_stm32f10x.o
                0x080017f8                SystemInit
 .text.ai2      0x080018fc      0x1a0 OBJ/AI.o
                0x080018fc                ai2
 .text.simulate2
                0x08001a9c      0x27c OBJ/AI.o
                0x08001a9c                simulate2
 .text.ai       0x08001d18      0x260 OBJ/AI.o
                0x08001d18                ai
 .text.simulate
                0x08001f78      0x118 OBJ/AI.o
                0x08001f78                simulate
 .text.display  0x08002090      0x1c8 OBJ/snake.o
                0x08002090                display
 .text.initialize
                0x08002258       0xf4 OBJ/snake.o
                0x08002258                initialize
 .text.gamewithai
                0x0800234c      0x370 OBJ/snake.o
                0x0800234c                gamewithai
 .text.LCD_WR_REG
                0x080026bc       0x28 OBJ/ILI93xx.o
                0x080026bc                LCD_WR_REG
 .text.LCD_RD_DATA
                0x080026e4       0x68 OBJ/ILI93xx.o
                0x080026e4                LCD_RD_DATA
 .text.LCD_WriteReg
                0x0800274c       0x34 OBJ/ILI93xx.o
                0x0800274c                LCD_WriteReg
 .text.LCD_WriteRAM
                0x08002780       0x28 OBJ/ILI93xx.o
                0x08002780                LCD_WriteRAM
 .text.LCD_SetCursor
                0x080027a8      0x2c4 OBJ/ILI93xx.o
                0x080027a8                LCD_SetCursor
 .text.LCD_Scan_Dir
                0x08002a6c      0x3bc OBJ/ILI93xx.o
                0x08002a6c                LCD_Scan_Dir
 .text.LCD_Fast_DrawPoint
                0x08002e28      0x26c OBJ/ILI93xx.o
                0x08002e28                LCD_Fast_DrawPoint
 *fill*         0x08003094        0x4 
 .text.LCD_SSD_BackLightSet
                0x08003098       0xa8 OBJ/ILI93xx.o
                0x08003098                LCD_SSD_BackLightSet
 .text.LCD_Init
                0x08003140     0x6c0c OBJ/ILI93xx.o
                0x08003140                LCD_Init
 .text.LCD_Clear
                0x08009d4c      0x3b8 OBJ/ILI93xx.o
                0x08009d4c                LCD_Clear
 .text.LCD_Fill
                0x0800a104      0x3ec OBJ/ILI93xx.o
                0x0800a104                LCD_Fill
 .text.LCD_ShowString
                0x0800a4f0      0x5e0 OBJ/ILI93xx.o
                0x0800a4f0                LCD_ShowString
 .text.LED_Init
                0x0800aad0       0x54 OBJ/led.o
                0x0800aad0                LED_Init
 .text.Reset_Handler
                0x0800ab24       0x48 OBJ/startup_stm32f103xe.o
                0x0800ab24                Reset_Handler
 .text.Default_Handler
                0x0800ab6c        0x2 OBJ/startup_stm32f103xe.o
                0x0800ab6c                RTC_Alarm_IRQHandler
                0x0800ab6c                EXTI2_IRQHandler
                0x0800ab6c                TIM8_TRG_COM_IRQHandler
                0x0800ab6c                TIM8_CC_IRQHandler
                0x0800ab6c                DebugMon_Handler
                0x0800ab6c                TIM1_CC_IRQHandler
                0x0800ab6c                HardFault_Handler
                0x0800ab6c                TIM6_IRQHandler
                0x0800ab6c                SysTick_Handler
                0x0800ab6c                PVD_IRQHandler
                0x0800ab6c                SDIO_IRQHandler
                0x0800ab6c                PendSV_Handler
                0x0800ab6c                NMI_Handler
                0x0800ab6c                EXTI3_IRQHandler
                0x0800ab6c                EXTI0_IRQHandler
                0x0800ab6c                I2C2_EV_IRQHandler
                0x0800ab6c                UsageFault_Handler
                0x0800ab6c                ADC1_2_IRQHandler
                0x0800ab6c                SPI1_IRQHandler
                0x0800ab6c                TAMPER_IRQHandler
                0x0800ab6c                TIM8_UP_IRQHandler
                0x0800ab6c                DMA2_Channel2_IRQHandler
                0x0800ab6c                DMA1_Channel4_IRQHandler
                0x0800ab6c                USART3_IRQHandler
                0x0800ab6c                RTC_IRQHandler
                0x0800ab6c                DMA1_Channel7_IRQHandler
                0x0800ab6c                CAN1_RX1_IRQHandler
                0x0800ab6c                UART5_IRQHandler
                0x0800ab6c                ADC3_IRQHandler
                0x0800ab6c                TIM4_IRQHandler
                0x0800ab6c                DMA2_Channel1_IRQHandler
                0x0800ab6c                I2C1_EV_IRQHandler
                0x0800ab6c                DMA1_Channel6_IRQHandler
                0x0800ab6c                UART4_IRQHandler
                0x0800ab6c                TIM3_IRQHandler
                0x0800ab6c                RCC_IRQHandler
                0x0800ab6c                TIM1_TRG_COM_IRQHandler
                0x0800ab6c                DMA1_Channel1_IRQHandler
                0x0800ab6c                Default_Handler
                0x0800ab6c                EXTI15_10_IRQHandler
                0x0800ab6c                TIM7_IRQHandler
                0x0800ab6c                TIM5_IRQHandler
                0x0800ab6c                EXTI9_5_IRQHandler
                0x0800ab6c                SPI2_IRQHandler
                0x0800ab6c                MemManage_Handler
                0x0800ab6c                SVC_Handler
                0x0800ab6c                DMA1_Channel5_IRQHandler
                0x0800ab6c                EXTI4_IRQHandler
                0x0800ab6c                USB_LP_CAN1_RX0_IRQHandler
                0x0800ab6c                USB_HP_CAN1_TX_IRQHandler
                0x0800ab6c                DMA1_Channel3_IRQHandler
                0x0800ab6c                FSMC_IRQHandler
                0x0800ab6c                TIM1_UP_IRQHandler
                0x0800ab6c                WWDG_IRQHandler
                0x0800ab6c                TIM2_IRQHandler
                0x0800ab6c                TIM1_BRK_IRQHandler
                0x0800ab6c                EXTI1_IRQHandler
                0x0800ab6c                DMA2_Channel4_5_IRQHandler
                0x0800ab6c                USART2_IRQHandler
                0x0800ab6c                I2C2_ER_IRQHandler
                0x0800ab6c                DMA1_Channel2_IRQHandler
                0x0800ab6c                TIM8_BRK_IRQHandler
                0x0800ab6c                CAN1_SCE_IRQHandler
                0x0800ab6c                FLASH_IRQHandler
                0x0800ab6c                BusFault_Handler
                0x0800ab6c                SPI3_IRQHandler
                0x0800ab6c                I2C1_ER_IRQHandler
                0x0800ab6c                USBWakeUp_IRQHandler
                0x0800ab6c                DMA2_Channel3_IRQHandler
 *fill*         0x0800ab6e        0x2 
 .text.clock    0x0800ab70       0x28 d:/gnu tools arm embedded/7 2018-q2-update/bin/../lib/gcc/arm-none-eabi/7.3.1/../../../../arm-none-eabi/lib/thumb/v7-m\libc_nano.a(lib_a-clock.o)
                0x0800ab70                clock
 .text.exit     0x0800ab98       0x28 d:/gnu tools arm embedded/7 2018-q2-update/bin/../lib/gcc/arm-none-eabi/7.3.1/../../../../arm-none-eabi/lib/thumb/v7-m\libc_nano.a(lib_a-exit.o)
                0x0800ab98                exit
 .text.__libc_init_array
                0x0800abc0       0x48 d:/gnu tools arm embedded/7 2018-q2-update/bin/../lib/gcc/arm-none-eabi/7.3.1/../../../../arm-none-eabi/lib/thumb/v7-m\libc_nano.a(lib_a-init.o)
                0x0800abc0                __libc_init_array
 .text.memset   0x0800ac08       0x10 d:/gnu tools arm embedded/7 2018-q2-update/bin/../lib/gcc/arm-none-eabi/7.3.1/../../../../arm-none-eabi/lib/thumb/v7-m\libc_nano.a(lib_a-memset.o)
                0x0800ac08                memset
 .text.printf   0x0800ac18       0x30 d:/gnu tools arm embedded/7 2018-q2-update/bin/../lib/gcc/arm-none-eabi/7.3.1/../../../../arm-none-eabi/lib/thumb/v7-m\libc_nano.a(lib_a-printf.o)
                0x0800ac18                iprintf
                0x0800ac18                printf
 .text.srand    0x0800ac48       0x48 d:/gnu tools arm embedded/7 2018-q2-update/bin/../lib/gcc/arm-none-eabi/7.3.1/../../../../arm-none-eabi/lib/thumb/v7-m\libc_nano.a(lib_a-rand.o)
                0x0800ac48                srand
 .text.rand     0x0800ac90       0x68 d:/gnu tools arm embedded/7 2018-q2-update/bin/../lib/gcc/arm-none-eabi/7.3.1/../../../../arm-none-eabi/lib/thumb/v7-m\libc_nano.a(lib_a-rand.o)
                0x0800ac90                rand
 .text.sprintf  0x0800acf8       0x40 d:/gnu tools arm embedded/7 2018-q2-update/bin/../lib/gcc/arm-none-eabi/7.3.1/../../../../arm-none-eabi/lib/thumb/v7-m\libc_nano.a(lib_a-sprintf.o)
                0x0800acf8                siprintf
                0x0800acf8                sprintf
 .text.time     0x0800ad38       0x34 d:/gnu tools arm embedded/7 2018-q2-update/bin/../lib/gcc/arm-none-eabi/7.3.1/../../../../arm-none-eabi/lib/thumb/v7-m\libc_nano.a(lib_a-time.o)
                0x0800ad38                time
 .text._times_r
                0x0800ad6c        0x6 d:/gnu tools arm embedded/7 2018-q2-update/bin/../lib/gcc/arm-none-eabi/7.3.1/../../../../arm-none-eabi/lib/thumb/v7-m\libc_nano.a(lib_a-timesr.o)
                0x0800ad6c                _times_r
 *fill*         0x0800ad72        0x2 
 .text.std      0x0800ad74       0x48 d:/gnu tools arm embedded/7 2018-q2-update/bin/../lib/gcc/arm-none-eabi/7.3.1/../../../../arm-none-eabi/lib/thumb/v7-m\libc_nano.a(lib_a-findfp.o)
 .text._cleanup_r
                0x0800adbc        0xc d:/gnu tools arm embedded/7 2018-q2-update/bin/../lib/gcc/arm-none-eabi/7.3.1/../../../../arm-none-eabi/lib/thumb/v7-m\libc_nano.a(lib_a-findfp.o)
                0x0800adbc                _cleanup_r
 .text.__sfmoreglue
                0x0800adc8       0x2c d:/gnu tools arm embedded/7 2018-q2-update/bin/../lib/gcc/arm-none-eabi/7.3.1/../../../../arm-none-eabi/lib/thumb/v7-m\libc_nano.a(lib_a-findfp.o)
                0x0800adc8                __sfmoreglue
 .text.__sinit  0x0800adf4       0x60 d:/gnu tools arm embedded/7 2018-q2-update/bin/../lib/gcc/arm-none-eabi/7.3.1/../../../../arm-none-eabi/lib/thumb/v7-m\libc_nano.a(lib_a-findfp.o)
                0x0800adf4                __sinit
 .text.__sfp    0x0800ae54       0x78 d:/gnu tools arm embedded/7 2018-q2-update/bin/../lib/gcc/arm-none-eabi/7.3.1/../../../../arm-none-eabi/lib/thumb/v7-m\libc_nano.a(lib_a-findfp.o)
                0x0800ae54                __sfp
 .text._fwalk_reent
                0x0800aecc       0x3c d:/gnu tools arm embedded/7 2018-q2-update/bin/../lib/gcc/arm-none-eabi/7.3.1/../../../../arm-none-eabi/lib/thumb/v7-m\libc_nano.a(lib_a-fwalk.o)
                0x0800aecc                _fwalk_reent
 .text._gettimeofday_r
                0x0800af08       0x24 d:/gnu tools arm embedded/7 2018-q2-update/bin/../lib/gcc/arm-none-eabi/7.3.1/../../../../arm-none-eabi/lib/thumb/v7-m\libc_nano.a(lib_a-gettimeofdayr.o)
                0x0800af08                _gettimeofday_r
 .text.malloc   0x0800af2c       0x10 d:/gnu tools arm embedded/7 2018-q2-update/bin/../lib/gcc/arm-none-eabi/7.3.1/../../../../arm-none-eabi/lib/thumb/v7-m\libc_nano.a(lib_a-malloc.o)
                0x0800af2c                malloc
 .text._free_r  0x0800af3c       0x98 d:/gnu tools arm embedded/7 2018-q2-update/bin/../lib/gcc/arm-none-eabi/7.3.1/../../../../arm-none-eabi/lib/thumb/v7-m\libc_nano.a(lib_a-nano-freer.o)
                0x0800af3c                _free_r
 .text._malloc_r
                0x0800afd4       0xb4 d:/gnu tools arm embedded/7 2018-q2-update/bin/../lib/gcc/arm-none-eabi/7.3.1/../../../../arm-none-eabi/lib/thumb/v7-m\libc_nano.a(lib_a-nano-mallocr.o)
                0x0800afd4                _malloc_r
 .text.__ssputs_r
                0x0800b088       0xb4 d:/gnu tools arm embedded/7 2018-q2-update/bin/../lib/gcc/arm-none-eabi/7.3.1/../../../../arm-none-eabi/lib/thumb/v7-m\libc_nano.a(lib_a-nano-svfprintf.o)
                0x0800b088                __ssputs_r
 .text._svfprintf_r
                0x0800b13c      0x1f0 d:/gnu tools arm embedded/7 2018-q2-update/bin/../lib/gcc/arm-none-eabi/7.3.1/../../../../arm-none-eabi/lib/thumb/v7-m\libc_nano.a(lib_a-nano-svfprintf.o)
                0x0800b13c                _svfiprintf_r
                0x0800b13c                _svfprintf_r
 .text.__sfputc_r
                0x0800b32c       0x2a d:/gnu tools arm embedded/7 2018-q2-update/bin/../lib/gcc/arm-none-eabi/7.3.1/../../../../arm-none-eabi/lib/thumb/v7-m\libc_nano.a(lib_a-nano-vfprintf.o)
 .text.__sfputs_r
                0x0800b356       0x24 d:/gnu tools arm embedded/7 2018-q2-update/bin/../lib/gcc/arm-none-eabi/7.3.1/../../../../arm-none-eabi/lib/thumb/v7-m\libc_nano.a(lib_a-nano-vfprintf.o)
                0x0800b356                __sfputs_r
 *fill*         0x0800b37a        0x2 
 .text._vfprintf_r
                0x0800b37c      0x22c d:/gnu tools arm embedded/7 2018-q2-update/bin/../lib/gcc/arm-none-eabi/7.3.1/../../../../arm-none-eabi/lib/thumb/v7-m\libc_nano.a(lib_a-nano-vfprintf.o)
                0x0800b37c                _vfprintf_r
                0x0800b37c                _vfiprintf_r
 .text._printf_common
                0x0800b5a8       0xec d:/gnu tools arm embedded/7 2018-q2-update/bin/../lib/gcc/arm-none-eabi/7.3.1/../../../../arm-none-eabi/lib/thumb/v7-m\libc_nano.a(lib_a-nano-vfprintf_i.o)
                0x0800b5a8                _printf_common
 .text._printf_i
                0x0800b694      0x224 d:/gnu tools arm embedded/7 2018-q2-update/bin/../lib/gcc/arm-none-eabi/7.3.1/../../../../arm-none-eabi/lib/thumb/v7-m\libc_nano.a(lib_a-nano-vfprintf_i.o)
                0x0800b694                _printf_i
 .text._sbrk_r  0x0800b8b8       0x20 d:/gnu tools arm embedded/7 2018-q2-update/bin/../lib/gcc/arm-none-eabi/7.3.1/../../../../arm-none-eabi/lib/thumb/v7-m\libc_nano.a(lib_a-sbrkr.o)
                0x0800b8b8                _sbrk_r
 .text.__sread  0x0800b8d8       0x22 d:/gnu tools arm embedded/7 2018-q2-update/bin/../lib/gcc/arm-none-eabi/7.3.1/../../../../arm-none-eabi/lib/thumb/v7-m\libc_nano.a(lib_a-stdio.o)
                0x0800b8d8                __sread
 .text.__swrite
                0x0800b8fa       0x38 d:/gnu tools arm embedded/7 2018-q2-update/bin/../lib/gcc/arm-none-eabi/7.3.1/../../../../arm-none-eabi/lib/thumb/v7-m\libc_nano.a(lib_a-stdio.o)
                0x0800b8fa                __swrite
 .text.__sseek  0x0800b932       0x24 d:/gnu tools arm embedded/7 2018-q2-update/bin/../lib/gcc/arm-none-eabi/7.3.1/../../../../arm-none-eabi/lib/thumb/v7-m\libc_nano.a(lib_a-stdio.o)
                0x0800b932                __sseek
 .text.__sclose
                0x0800b956        0x8 d:/gnu tools arm embedded/7 2018-q2-update/bin/../lib/gcc/arm-none-eabi/7.3.1/../../../../arm-none-eabi/lib/thumb/v7-m\libc_nano.a(lib_a-stdio.o)
                0x0800b956                __sclose
 *fill*         0x0800b95e        0x2 
 .text.__swbuf_r
                0x0800b960       0xa4 d:/gnu tools arm embedded/7 2018-q2-update/bin/../lib/gcc/arm-none-eabi/7.3.1/../../../../arm-none-eabi/lib/thumb/v7-m\libc_nano.a(lib_a-wbuf.o)
                0x0800b960                __swbuf_r
 .text._write_r
                0x0800ba04       0x24 d:/gnu tools arm embedded/7 2018-q2-update/bin/../lib/gcc/arm-none-eabi/7.3.1/../../../../arm-none-eabi/lib/thumb/v7-m\libc_nano.a(lib_a-writer.o)
                0x0800ba04                _write_r
 .text.__swsetup_r
                0x0800ba28       0xdc d:/gnu tools arm embedded/7 2018-q2-update/bin/../lib/gcc/arm-none-eabi/7.3.1/../../../../arm-none-eabi/lib/thumb/v7-m\libc_nano.a(lib_a-wsetup.o)
                0x0800ba28                __swsetup_r
 .text._close_r
                0x0800bb04       0x20 d:/gnu tools arm embedded/7 2018-q2-update/bin/../lib/gcc/arm-none-eabi/7.3.1/../../../../arm-none-eabi/lib/thumb/v7-m\libc_nano.a(lib_a-closer.o)
                0x0800bb04                _close_r
 .text.__sflush_r
                0x0800bb24      0x10c d:/gnu tools arm embedded/7 2018-q2-update/bin/../lib/gcc/arm-none-eabi/7.3.1/../../../../arm-none-eabi/lib/thumb/v7-m\libc_nano.a(lib_a-fflush.o)
                0x0800bb24                __sflush_r
 .text._fflush_r
                0x0800bc30       0x54 d:/gnu tools arm embedded/7 2018-q2-update/bin/../lib/gcc/arm-none-eabi/7.3.1/../../../../arm-none-eabi/lib/thumb/v7-m\libc_nano.a(lib_a-fflush.o)
                0x0800bc30                _fflush_r
 .text._lseek_r
                0x0800bc84       0x24 d:/gnu tools arm embedded/7 2018-q2-update/bin/../lib/gcc/arm-none-eabi/7.3.1/../../../../arm-none-eabi/lib/thumb/v7-m\libc_nano.a(lib_a-lseekr.o)
                0x0800bc84                _lseek_r
 .text.__swhatbuf_r
                0x0800bca8       0x48 d:/gnu tools arm embedded/7 2018-q2-update/bin/../lib/gcc/arm-none-eabi/7.3.1/../../../../arm-none-eabi/lib/thumb/v7-m\libc_nano.a(lib_a-makebuf.o)
                0x0800bca8                __swhatbuf_r
 .text.__smakebuf_r
                0x0800bcf0       0x80 d:/gnu tools arm embedded/7 2018-q2-update/bin/../lib/gcc/arm-none-eabi/7.3.1/../../../../arm-none-eabi/lib/thumb/v7-m\libc_nano.a(lib_a-makebuf.o)
                0x0800bcf0                __smakebuf_r
 .text.memchr   0x0800bd70       0x1c d:/gnu tools arm embedded/7 2018-q2-update/bin/../lib/gcc/arm-none-eabi/7.3.1/../../../../arm-none-eabi/lib/thumb/v7-m\libc_nano.a(lib_a-memchr-stub.o)
                0x0800bd70                memchr
 .text.memcpy   0x0800bd8c       0x16 d:/gnu tools arm embedded/7 2018-q2-update/bin/../lib/gcc/arm-none-eabi/7.3.1/../../../../arm-none-eabi/lib/thumb/v7-m\libc_nano.a(lib_a-memcpy-stub.o)
                0x0800bd8c                memcpy
 .text.memmove  0x0800bda2       0x32 d:/gnu tools arm embedded/7 2018-q2-update/bin/../lib/gcc/arm-none-eabi/7.3.1/../../../../arm-none-eabi/lib/thumb/v7-m\libc_nano.a(lib_a-memmove.o)
                0x0800bda2                memmove
 .text.__malloc_lock
                0x0800bdd4        0x2 d:/gnu tools arm embedded/7 2018-q2-update/bin/../lib/gcc/arm-none-eabi/7.3.1/../../../../arm-none-eabi/lib/thumb/v7-m\libc_nano.a(lib_a-mlock.o)
                0x0800bdd4                __malloc_lock
 .text.__malloc_unlock
                0x0800bdd6        0x2 d:/gnu tools arm embedded/7 2018-q2-update/bin/../lib/gcc/arm-none-eabi/7.3.1/../../../../arm-none-eabi/lib/thumb/v7-m\libc_nano.a(lib_a-mlock.o)
                0x0800bdd6                __malloc_unlock
 .text._realloc_r
                0x0800bdd8       0x4c d:/gnu tools arm embedded/7 2018-q2-update/bin/../lib/gcc/arm-none-eabi/7.3.1/../../../../arm-none-eabi/lib/thumb/v7-m\libc_nano.a(lib_a-nano-reallocr.o)
                0x0800bdd8                _realloc_r
 .text._read_r  0x0800be24       0x24 d:/gnu tools arm embedded/7 2018-q2-update/bin/../lib/gcc/arm-none-eabi/7.3.1/../../../../arm-none-eabi/lib/thumb/v7-m\libc_nano.a(lib_a-readr.o)
                0x0800be24                _read_r
 .text._fstat_r
                0x0800be48       0x24 d:/gnu tools arm embedded/7 2018-q2-update/bin/../lib/gcc/arm-none-eabi/7.3.1/../../../../arm-none-eabi/lib/thumb/v7-m\libc_nano.a(lib_a-fstatr.o)
                0x0800be48                _fstat_r
 .text._isatty_r
                0x0800be6c       0x20 d:/gnu tools arm embedded/7 2018-q2-update/bin/../lib/gcc/arm-none-eabi/7.3.1/../../../../arm-none-eabi/lib/thumb/v7-m\libc_nano.a(lib_a-isattyr.o)
                0x0800be6c                _isatty_r
 .text._malloc_usable_size_r
                0x0800be8c       0x10 d:/gnu tools arm embedded/7 2018-q2-update/bin/../lib/gcc/arm-none-eabi/7.3.1/../../../../arm-none-eabi/lib/thumb/v7-m\libc_nano.a(lib_a-nano-msizer.o)
                0x0800be8c                _malloc_usable_size_r
 .text._close   0x0800be9c       0x10 d:/gnu tools arm embedded/7 2018-q2-update/bin/../lib/gcc/arm-none-eabi/7.3.1/../../../../arm-none-eabi/lib/thumb/v7-m\libnosys.a(close.o)
                0x0800be9c                _close
 .text._fstat   0x0800beac       0x10 d:/gnu tools arm embedded/7 2018-q2-update/bin/../lib/gcc/arm-none-eabi/7.3.1/../../../../arm-none-eabi/lib/thumb/v7-m\libnosys.a(fstat.o)
                0x0800beac                _fstat
 .text._gettimeofday
                0x0800bebc       0x10 d:/gnu tools arm embedded/7 2018-q2-update/bin/../lib/gcc/arm-none-eabi/7.3.1/../../../../arm-none-eabi/lib/thumb/v7-m\libnosys.a(gettod.o)
                0x0800bebc                _gettimeofday
 .text._isatty  0x0800becc       0x10 d:/gnu tools arm embedded/7 2018-q2-update/bin/../lib/gcc/arm-none-eabi/7.3.1/../../../../arm-none-eabi/lib/thumb/v7-m\libnosys.a(isatty.o)
                0x0800becc                _isatty
 .text._lseek   0x0800bedc       0x10 d:/gnu tools arm embedded/7 2018-q2-update/bin/../lib/gcc/arm-none-eabi/7.3.1/../../../../arm-none-eabi/lib/thumb/v7-m\libnosys.a(lseek.o)
                0x0800bedc                _lseek
 .text._read    0x0800beec       0x10 d:/gnu tools arm embedded/7 2018-q2-update/bin/../lib/gcc/arm-none-eabi/7.3.1/../../../../arm-none-eabi/lib/thumb/v7-m\libnosys.a(read.o)
                0x0800beec                _read
 .text._sbrk    0x0800befc       0x1c d:/gnu tools arm embedded/7 2018-q2-update/bin/../lib/gcc/arm-none-eabi/7.3.1/../../../../arm-none-eabi/lib/thumb/v7-m\libnosys.a(sbrk.o)
                0x0800befc                _sbrk
 .text._times   0x0800bf18       0x10 d:/gnu tools arm embedded/7 2018-q2-update/bin/../lib/gcc/arm-none-eabi/7.3.1/../../../../arm-none-eabi/lib/thumb/v7-m\libnosys.a(times.o)
                0x0800bf18                _times
 .text._write   0x0800bf28       0x10 d:/gnu tools arm embedded/7 2018-q2-update/bin/../lib/gcc/arm-none-eabi/7.3.1/../../../../arm-none-eabi/lib/thumb/v7-m\libnosys.a(write.o)
                0x0800bf28                _write
 .text._exit    0x0800bf38        0x4 d:/gnu tools arm embedded/7 2018-q2-update/bin/../lib/gcc/arm-none-eabi/7.3.1/../../../../arm-none-eabi/lib/thumb/v7-m\libnosys.a(_exit.o)
                0x0800bf38                _exit
 *(.glue_7)
 .glue_7        0x0800bf3c        0x0 linker stubs
 *(.glue_7t)
 .glue_7t       0x0800bf3c        0x0 linker stubs
 *(.eh_frame)
 .eh_frame      0x0800bf3c        0x0 d:/gnu tools arm embedded/7 2018-q2-update/bin/../lib/gcc/arm-none-eabi/7.3.1/thumb/v7-m/crtbegin.o
 *(.init)
 .init          0x0800bf3c        0x4 d:/gnu tools arm embedded/7 2018-q2-update/bin/../lib/gcc/arm-none-eabi/7.3.1/thumb/v7-m/crti.o
                0x0800bf3c                _init
 .init          0x0800bf40        0x8 d:/gnu tools arm embedded/7 2018-q2-update/bin/../lib/gcc/arm-none-eabi/7.3.1/thumb/v7-m/crtn.o
 *(.fini)
 .fini          0x0800bf48        0x4 d:/gnu tools arm embedded/7 2018-q2-update/bin/../lib/gcc/arm-none-eabi/7.3.1/thumb/v7-m/crti.o
                0x0800bf48                _fini
 .fini          0x0800bf4c        0x8 d:/gnu tools arm embedded/7 2018-q2-update/bin/../lib/gcc/arm-none-eabi/7.3.1/thumb/v7-m/crtn.o
                0x0800bf54                . = ALIGN (0x4)
                0x0800bf54                _etext = .

.vfp11_veneer   0x0800bf54        0x0
 .vfp11_veneer  0x0800bf54        0x0 linker stubs

.v4_bx          0x0800bf54        0x0
 .v4_bx         0x0800bf54        0x0 linker stubs

.iplt           0x0800bf54        0x0
 .iplt          0x0800bf54        0x0 d:/gnu tools arm embedded/7 2018-q2-update/bin/../lib/gcc/arm-none-eabi/7.3.1/thumb/v7-m/crtbegin.o

.rodata         0x0800bf54     0x18cc
                0x0800bf54                . = ALIGN (0x4)
 *(.rodata)
 *(.rodata*)
 .rodata.main.str1.4
                0x0800bf54       0x41 OBJ/main.o
 *fill*         0x0800bf95        0x3 
 .rodata.CSWTCH.32
                0x0800bf98        0xe OBJ/ILI93xx.o
 *fill*         0x0800bfa6        0x2 
 .rodata.CSWTCH.33
                0x0800bfa8       0x10 OBJ/ILI93xx.o
 .rodata.LCD_Init.str1.4
                0x0800bfb8       0x10 OBJ/ILI93xx.o
                                  0xd (size before relaxing)
 .rodata.asc2_1206
                0x0800bfc8      0x474 OBJ/ILI93xx.o
                0x0800bfc8                asc2_1206
 .rodata.asc2_1608
                0x0800c43c      0x5f0 OBJ/ILI93xx.o
                0x0800c43c                asc2_1608
 .rodata.asc2_2412
                0x0800ca2c      0xd5c OBJ/ILI93xx.o
                0x0800ca2c                asc2_2412
 .rodata._global_impure_ptr
                0x0800d788        0x4 d:/gnu tools arm embedded/7 2018-q2-update/bin/../lib/gcc/arm-none-eabi/7.3.1/../../../../arm-none-eabi/lib/thumb/v7-m\libc_nano.a(lib_a-impure.o)
                0x0800d788                _global_impure_ptr
 .rodata.__sf_fake_stderr
                0x0800d78c       0x20 d:/gnu tools arm embedded/7 2018-q2-update/bin/../lib/gcc/arm-none-eabi/7.3.1/../../../../arm-none-eabi/lib/thumb/v7-m\libc_nano.a(lib_a-findfp.o)
                0x0800d78c                __sf_fake_stderr
 .rodata.__sf_fake_stdin
                0x0800d7ac       0x20 d:/gnu tools arm embedded/7 2018-q2-update/bin/../lib/gcc/arm-none-eabi/7.3.1/../../../../arm-none-eabi/lib/thumb/v7-m\libc_nano.a(lib_a-findfp.o)
                0x0800d7ac                __sf_fake_stdin
 .rodata.__sf_fake_stdout
                0x0800d7cc       0x20 d:/gnu tools arm embedded/7 2018-q2-update/bin/../lib/gcc/arm-none-eabi/7.3.1/../../../../arm-none-eabi/lib/thumb/v7-m\libc_nano.a(lib_a-findfp.o)
                0x0800d7cc                __sf_fake_stdout
 .rodata._svfprintf_r.str1.1
                0x0800d7ec       0x11 d:/gnu tools arm embedded/7 2018-q2-update/bin/../lib/gcc/arm-none-eabi/7.3.1/../../../../arm-none-eabi/lib/thumb/v7-m\libc_nano.a(lib_a-nano-svfprintf.o)
 .rodata._vfprintf_r.str1.1
                0x0800d7fd       0x11 d:/gnu tools arm embedded/7 2018-q2-update/bin/../lib/gcc/arm-none-eabi/7.3.1/../../../../arm-none-eabi/lib/thumb/v7-m\libc_nano.a(lib_a-nano-vfprintf.o)
 .rodata._printf_i.str1.1
                0x0800d7fd       0x22 d:/gnu tools arm embedded/7 2018-q2-update/bin/../lib/gcc/arm-none-eabi/7.3.1/../../../../arm-none-eabi/lib/thumb/v7-m\libc_nano.a(lib_a-nano-vfprintf_i.o)
                0x0800d820                . = ALIGN (0x4)
 *fill*         0x0800d81f        0x1 

.rel.dyn        0x0800d820        0x0
 .rel.iplt      0x0800d820        0x0 d:/gnu tools arm embedded/7 2018-q2-update/bin/../lib/gcc/arm-none-eabi/7.3.1/thumb/v7-m/crtbegin.o

.ARM.extab
 *(.ARM.extab* .gnu.linkonce.armextab.*)

.ARM            0x0800d820        0x0
                0x0800d820                __exidx_start = .
 *(.ARM.exidx*)
                0x0800d820                __exidx_end = .

.preinit_array  0x0800d820        0x0
                0x0800d820                PROVIDE (__preinit_array_start = .)
 *(.preinit_array*)
                0x0800d820                PROVIDE (__preinit_array_end = .)

.init_array     0x0800d820        0x4
                0x0800d820                PROVIDE (__init_array_start = .)
 *(SORT_BY_NAME(.init_array.*))
 *(.init_array*)
 .init_array    0x0800d820        0x4 d:/gnu tools arm embedded/7 2018-q2-update/bin/../lib/gcc/arm-none-eabi/7.3.1/thumb/v7-m/crtbegin.o
                0x0800d824                PROVIDE (__init_array_end = .)

.fini_array     0x0800d824        0x4
                [!provide]                PROVIDE (__fini_array_start = .)
 *(SORT_BY_NAME(.fini_array.*))
 *(.fini_array*)
 .fini_array    0x0800d824        0x4 d:/gnu tools arm embedded/7 2018-q2-update/bin/../lib/gcc/arm-none-eabi/7.3.1/thumb/v7-m/crtbegin.o
                [!provide]                PROVIDE (__fini_array_end = .)
                0x0800d828                _sidata = LOADADDR (.data)

.data           0x20000000       0x68 load address 0x0800d828
                0x20000000                . = ALIGN (0x4)
                0x20000000                _sdata = .
 *(.data)
 *(.data*)
 .data.BACK_COLOR
                0x20000000        0x2 OBJ/ILI93xx.o
                0x20000000                BACK_COLOR
 *fill*         0x20000002        0x2 
 .data._impure_ptr
                0x20000004        0x4 d:/gnu tools arm embedded/7 2018-q2-update/bin/../lib/gcc/arm-none-eabi/7.3.1/../../../../arm-none-eabi/lib/thumb/v7-m\libc_nano.a(lib_a-impure.o)
                0x20000004                _impure_ptr
 .data.impure_data
                0x20000008       0x60 d:/gnu tools arm embedded/7 2018-q2-update/bin/../lib/gcc/arm-none-eabi/7.3.1/../../../../arm-none-eabi/lib/thumb/v7-m\libc_nano.a(lib_a-impure.o)
                0x20000068                . = ALIGN (0x4)
                0x20000068                _edata = .

.igot.plt       0x20000068        0x0 load address 0x0800d890
 .igot.plt      0x20000068        0x0 d:/gnu tools arm embedded/7 2018-q2-update/bin/../lib/gcc/arm-none-eabi/7.3.1/thumb/v7-m/crtbegin.o
                0x20000068                . = ALIGN (0x4)

.bss            0x20000068      0x71c load address 0x0800d890
                0x20000068                _sbss = .
                0x20000068                __bss_start__ = _sbss
 *(.bss)
 .bss           0x20000068       0x1c d:/gnu tools arm embedded/7 2018-q2-update/bin/../lib/gcc/arm-none-eabi/7.3.1/thumb/v7-m/crtbegin.o
 *(.bss*)
 .bss.fac_ms    0x20000084        0x2 OBJ/delay.o
 .bss.fac_us    0x20000086        0x1 OBJ/delay.o
 *fill*         0x20000087        0x1 
 .bss.USART_RX_STA
                0x20000088        0x2 OBJ/usart.o
                0x20000088                USART_RX_STA
 *fill*         0x2000008a        0x2 
 .bss.banai     0x2000008c        0x4 OBJ/snake.o
 .bss.dire      0x20000090        0x1 OBJ/snake.o
 .bss.end       0x20000091        0x1 OBJ/snake.o
 *fill*         0x20000092        0x2 
 .bss.map       0x20000094      0x600 OBJ/snake.o
 .bss.size      0x20000694        0x2 OBJ/snake.o
 .bss.x         0x20000696        0x2 OBJ/snake.o
 .bss.y         0x20000698        0x2 OBJ/snake.o
 .bss.POINT_COLOR
                0x2000069a        0x2 OBJ/ILI93xx.o
                0x2000069a                POINT_COLOR
 .bss.__malloc_free_list
                0x2000069c        0x4 d:/gnu tools arm embedded/7 2018-q2-update/bin/../lib/gcc/arm-none-eabi/7.3.1/../../../../arm-none-eabi/lib/thumb/v7-m\libc_nano.a(lib_a-nano-mallocr.o)
                0x2000069c                __malloc_free_list
 .bss.__malloc_sbrk_start
                0x200006a0        0x4 d:/gnu tools arm embedded/7 2018-q2-update/bin/../lib/gcc/arm-none-eabi/7.3.1/../../../../arm-none-eabi/lib/thumb/v7-m\libc_nano.a(lib_a-nano-mallocr.o)
                0x200006a0                __malloc_sbrk_start
 .bss.heap_end.4102
                0x200006a4        0x4 d:/gnu tools arm embedded/7 2018-q2-update/bin/../lib/gcc/arm-none-eabi/7.3.1/../../../../arm-none-eabi/lib/thumb/v7-m\libnosys.a(sbrk.o)
 *(COMMON)
 COMMON         0x200006a8       0xc8 OBJ/usart.o
                0x200006a8                USART_RX_BUF
 COMMON         0x20000770        0xe OBJ/ILI93xx.o
                0x20000770                lcddev
 *fill*         0x2000077e        0x2 
 COMMON         0x20000780        0x4 d:/gnu tools arm embedded/7 2018-q2-update/bin/../lib/gcc/arm-none-eabi/7.3.1/../../../../arm-none-eabi/lib/thumb/v7-m\libc_nano.a(lib_a-reent.o)
                0x20000780                errno
                0x20000784                . = ALIGN (0x4)
                0x20000784                _ebss = .
                0x20000784                __bss_end__ = _ebss

._user_heap_stack
                0x20000784      0x604 load address 0x0800d890
                0x20000788                . = ALIGN (0x8)
 *fill*         0x20000784        0x4 
                0x20000788                PROVIDE (end = .)
                [!provide]                PROVIDE (_end = .)
                0x20000988                . = (. + _Min_Heap_Size)
 *fill*         0x20000788      0x200 
                0x20000d88                . = (. + _Min_Stack_Size)
 *fill*         0x20000988      0x400 
                0x20000d88                . = ALIGN (0x8)

/DISCARD/
 libc.a(*)
 libm.a(*)
 libgcc.a(*)

.ARM.attributes
                0x00000000       0x29
 *(.ARM.attributes)
 .ARM.attributes
                0x00000000       0x1d d:/gnu tools arm embedded/7 2018-q2-update/bin/../lib/gcc/arm-none-eabi/7.3.1/thumb/v7-m/crti.o
 .ARM.attributes
                0x0000001d       0x2d d:/gnu tools arm embedded/7 2018-q2-update/bin/../lib/gcc/arm-none-eabi/7.3.1/thumb/v7-m/crtbegin.o
 .ARM.attributes
                0x0000004a       0x33 OBJ/sys.o
 .ARM.attributes
                0x0000007d       0x33 OBJ/main.o
 .ARM.attributes
                0x000000b0       0x33 OBJ/delay.o
 .ARM.attributes
                0x000000e3       0x33 OBJ/usart.o
 .ARM.attributes
                0x00000116       0x33 OBJ/system_stm32f10x.o
 .ARM.attributes
                0x00000149       0x33 OBJ/AI.o
 .ARM.attributes
                0x0000017c       0x33 OBJ/snake.o
 .ARM.attributes
                0x000001af       0x33 OBJ/ILI93xx.o
 .ARM.attributes
                0x000001e2       0x33 OBJ/led.o
 .ARM.attributes
                0x00000215       0x21 OBJ/startup_stm32f103xe.o
 .ARM.attributes
                0x00000236       0x2d d:/gnu tools arm embedded/7 2018-q2-update/bin/../lib/gcc/arm-none-eabi/7.3.1/../../../../arm-none-eabi/lib/thumb/v7-m\libc_nano.a(lib_a-clock.o)
 .ARM.attributes
                0x00000263       0x2d d:/gnu tools arm embedded/7 2018-q2-update/bin/../lib/gcc/arm-none-eabi/7.3.1/../../../../arm-none-eabi/lib/thumb/v7-m\libc_nano.a(lib_a-exit.o)
 .ARM.attributes
                0x00000290       0x2d d:/gnu tools arm embedded/7 2018-q2-update/bin/../lib/gcc/arm-none-eabi/7.3.1/../../../../arm-none-eabi/lib/thumb/v7-m\libc_nano.a(lib_a-impure.o)
 .ARM.attributes
                0x000002bd       0x2d d:/gnu tools arm embedded/7 2018-q2-update/bin/../lib/gcc/arm-none-eabi/7.3.1/../../../../arm-none-eabi/lib/thumb/v7-m\libc_nano.a(lib_a-init.o)
 .ARM.attributes
                0x000002ea       0x2d d:/gnu tools arm embedded/7 2018-q2-update/bin/../lib/gcc/arm-none-eabi/7.3.1/../../../../arm-none-eabi/lib/thumb/v7-m\libc_nano.a(lib_a-memset.o)
 .ARM.attributes
                0x00000317       0x2d d:/gnu tools arm embedded/7 2018-q2-update/bin/../lib/gcc/arm-none-eabi/7.3.1/../../../../arm-none-eabi/lib/thumb/v7-m\libc_nano.a(lib_a-printf.o)
 .ARM.attributes
                0x00000344       0x2d d:/gnu tools arm embedded/7 2018-q2-update/bin/../lib/gcc/arm-none-eabi/7.3.1/../../../../arm-none-eabi/lib/thumb/v7-m\libc_nano.a(lib_a-rand.o)
 .ARM.attributes
                0x00000371       0x2d d:/gnu tools arm embedded/7 2018-q2-update/bin/../lib/gcc/arm-none-eabi/7.3.1/../../../../arm-none-eabi/lib/thumb/v7-m\libc_nano.a(lib_a-sprintf.o)
 .ARM.attributes
                0x0000039e       0x2d d:/gnu tools arm embedded/7 2018-q2-update/bin/../lib/gcc/arm-none-eabi/7.3.1/../../../../arm-none-eabi/lib/thumb/v7-m\libc_nano.a(lib_a-time.o)
 .ARM.attributes
                0x000003cb       0x2d d:/gnu tools arm embedded/7 2018-q2-update/bin/../lib/gcc/arm-none-eabi/7.3.1/../../../../arm-none-eabi/lib/thumb/v7-m\libc_nano.a(lib_a-timesr.o)
 .ARM.attributes
                0x000003f8       0x2d d:/gnu tools arm embedded/7 2018-q2-update/bin/../lib/gcc/arm-none-eabi/7.3.1/../../../../arm-none-eabi/lib/thumb/v7-m\libc_nano.a(lib_a-findfp.o)
 .ARM.attributes
                0x00000425       0x2d d:/gnu tools arm embedded/7 2018-q2-update/bin/../lib/gcc/arm-none-eabi/7.3.1/../../../../arm-none-eabi/lib/thumb/v7-m\libc_nano.a(lib_a-fwalk.o)
 .ARM.attributes
                0x00000452       0x2d d:/gnu tools arm embedded/7 2018-q2-update/bin/../lib/gcc/arm-none-eabi/7.3.1/../../../../arm-none-eabi/lib/thumb/v7-m\libc_nano.a(lib_a-gettimeofdayr.o)
 .ARM.attributes
                0x0000047f       0x2d d:/gnu tools arm embedded/7 2018-q2-update/bin/../lib/gcc/arm-none-eabi/7.3.1/../../../../arm-none-eabi/lib/thumb/v7-m\libc_nano.a(lib_a-malloc.o)
 .ARM.attributes
                0x000004ac       0x2d d:/gnu tools arm embedded/7 2018-q2-update/bin/../lib/gcc/arm-none-eabi/7.3.1/../../../../arm-none-eabi/lib/thumb/v7-m\libc_nano.a(lib_a-nano-freer.o)
 .ARM.attributes
                0x000004d9       0x2d d:/gnu tools arm embedded/7 2018-q2-update/bin/../lib/gcc/arm-none-eabi/7.3.1/../../../../arm-none-eabi/lib/thumb/v7-m\libc_nano.a(lib_a-nano-mallocr.o)
 .ARM.attributes
                0x00000506       0x2d d:/gnu tools arm embedded/7 2018-q2-update/bin/../lib/gcc/arm-none-eabi/7.3.1/../../../../arm-none-eabi/lib/thumb/v7-m\libc_nano.a(lib_a-nano-svfprintf.o)
 .ARM.attributes
                0x00000533       0x2d d:/gnu tools arm embedded/7 2018-q2-update/bin/../lib/gcc/arm-none-eabi/7.3.1/../../../../arm-none-eabi/lib/thumb/v7-m\libc_nano.a(lib_a-nano-vfprintf.o)
 .ARM.attributes
                0x00000560       0x2d d:/gnu tools arm embedded/7 2018-q2-update/bin/../lib/gcc/arm-none-eabi/7.3.1/../../../../arm-none-eabi/lib/thumb/v7-m\libc_nano.a(lib_a-nano-vfprintf_i.o)
 .ARM.attributes
                0x0000058d       0x2d d:/gnu tools arm embedded/7 2018-q2-update/bin/../lib/gcc/arm-none-eabi/7.3.1/../../../../arm-none-eabi/lib/thumb/v7-m\libc_nano.a(lib_a-reent.o)
 .ARM.attributes
                0x000005ba       0x2d d:/gnu tools arm embedded/7 2018-q2-update/bin/../lib/gcc/arm-none-eabi/7.3.1/../../../../arm-none-eabi/lib/thumb/v7-m\libc_nano.a(lib_a-sbrkr.o)
 .ARM.attributes
                0x000005e7       0x2d d:/gnu tools arm embedded/7 2018-q2-update/bin/../lib/gcc/arm-none-eabi/7.3.1/../../../../arm-none-eabi/lib/thumb/v7-m\libc_nano.a(lib_a-stdio.o)
 .ARM.attributes
                0x00000614       0x2d d:/gnu tools arm embedded/7 2018-q2-update/bin/../lib/gcc/arm-none-eabi/7.3.1/../../../../arm-none-eabi/lib/thumb/v7-m\libc_nano.a(lib_a-wbuf.o)
 .ARM.attributes
                0x00000641       0x2d d:/gnu tools arm embedded/7 2018-q2-update/bin/../lib/gcc/arm-none-eabi/7.3.1/../../../../arm-none-eabi/lib/thumb/v7-m\libc_nano.a(lib_a-writer.o)
 .ARM.attributes
                0x0000066e       0x2d d:/gnu tools arm embedded/7 2018-q2-update/bin/../lib/gcc/arm-none-eabi/7.3.1/../../../../arm-none-eabi/lib/thumb/v7-m\libc_nano.a(lib_a-wsetup.o)
 .ARM.attributes
                0x0000069b       0x2d d:/gnu tools arm embedded/7 2018-q2-update/bin/../lib/gcc/arm-none-eabi/7.3.1/../../../../arm-none-eabi/lib/thumb/v7-m\libc_nano.a(lib_a-closer.o)
 .ARM.attributes
                0x000006c8       0x2d d:/gnu tools arm embedded/7 2018-q2-update/bin/../lib/gcc/arm-none-eabi/7.3.1/../../../../arm-none-eabi/lib/thumb/v7-m\libc_nano.a(lib_a-fflush.o)
 .ARM.attributes
                0x000006f5       0x2d d:/gnu tools arm embedded/7 2018-q2-update/bin/../lib/gcc/arm-none-eabi/7.3.1/../../../../arm-none-eabi/lib/thumb/v7-m\libc_nano.a(lib_a-lseekr.o)
 .ARM.attributes
                0x00000722       0x2d d:/gnu tools arm embedded/7 2018-q2-update/bin/../lib/gcc/arm-none-eabi/7.3.1/../../../../arm-none-eabi/lib/thumb/v7-m\libc_nano.a(lib_a-makebuf.o)
 .ARM.attributes
                0x0000074f       0x2d d:/gnu tools arm embedded/7 2018-q2-update/bin/../lib/gcc/arm-none-eabi/7.3.1/../../../../arm-none-eabi/lib/thumb/v7-m\libc_nano.a(lib_a-memchr-stub.o)
 .ARM.attributes
                0x0000077c       0x2d d:/gnu tools arm embedded/7 2018-q2-update/bin/../lib/gcc/arm-none-eabi/7.3.1/../../../../arm-none-eabi/lib/thumb/v7-m\libc_nano.a(lib_a-memcpy-stub.o)
 .ARM.attributes
                0x000007a9       0x2d d:/gnu tools arm embedded/7 2018-q2-update/bin/../lib/gcc/arm-none-eabi/7.3.1/../../../../arm-none-eabi/lib/thumb/v7-m\libc_nano.a(lib_a-memmove.o)
 .ARM.attributes
                0x000007d6       0x2d d:/gnu tools arm embedded/7 2018-q2-update/bin/../lib/gcc/arm-none-eabi/7.3.1/../../../../arm-none-eabi/lib/thumb/v7-m\libc_nano.a(lib_a-mlock.o)
 .ARM.attributes
                0x00000803       0x2d d:/gnu tools arm embedded/7 2018-q2-update/bin/../lib/gcc/arm-none-eabi/7.3.1/../../../../arm-none-eabi/lib/thumb/v7-m\libc_nano.a(lib_a-nano-reallocr.o)
 .ARM.attributes
                0x00000830       0x2d d:/gnu tools arm embedded/7 2018-q2-update/bin/../lib/gcc/arm-none-eabi/7.3.1/../../../../arm-none-eabi/lib/thumb/v7-m\libc_nano.a(lib_a-readr.o)
 .ARM.attributes
                0x0000085d       0x2d d:/gnu tools arm embedded/7 2018-q2-update/bin/../lib/gcc/arm-none-eabi/7.3.1/../../../../arm-none-eabi/lib/thumb/v7-m\libc_nano.a(lib_a-fstatr.o)
 .ARM.attributes
                0x0000088a       0x2d d:/gnu tools arm embedded/7 2018-q2-update/bin/../lib/gcc/arm-none-eabi/7.3.1/../../../../arm-none-eabi/lib/thumb/v7-m\libc_nano.a(lib_a-isattyr.o)
 .ARM.attributes
                0x000008b7       0x2d d:/gnu tools arm embedded/7 2018-q2-update/bin/../lib/gcc/arm-none-eabi/7.3.1/../../../../arm-none-eabi/lib/thumb/v7-m\libc_nano.a(lib_a-nano-msizer.o)
 .ARM.attributes
                0x000008e4       0x2d d:/gnu tools arm embedded/7 2018-q2-update/bin/../lib/gcc/arm-none-eabi/7.3.1/../../../../arm-none-eabi/lib/thumb/v7-m\libnosys.a(close.o)
 .ARM.attributes
                0x00000911       0x2d d:/gnu tools arm embedded/7 2018-q2-update/bin/../lib/gcc/arm-none-eabi/7.3.1/../../../../arm-none-eabi/lib/thumb/v7-m\libnosys.a(fstat.o)
 .ARM.attributes
                0x0000093e       0x2d d:/gnu tools arm embedded/7 2018-q2-update/bin/../lib/gcc/arm-none-eabi/7.3.1/../../../../arm-none-eabi/lib/thumb/v7-m\libnosys.a(gettod.o)
 .ARM.attributes
                0x0000096b       0x2d d:/gnu tools arm embedded/7 2018-q2-update/bin/../lib/gcc/arm-none-eabi/7.3.1/../../../../arm-none-eabi/lib/thumb/v7-m\libnosys.a(isatty.o)
 .ARM.attributes
                0x00000998       0x2d d:/gnu tools arm embedded/7 2018-q2-update/bin/../lib/gcc/arm-none-eabi/7.3.1/../../../../arm-none-eabi/lib/thumb/v7-m\libnosys.a(lseek.o)
 .ARM.attributes
                0x000009c5       0x2d d:/gnu tools arm embedded/7 2018-q2-update/bin/../lib/gcc/arm-none-eabi/7.3.1/../../../../arm-none-eabi/lib/thumb/v7-m\libnosys.a(read.o)
 .ARM.attributes
                0x000009f2       0x2d d:/gnu tools arm embedded/7 2018-q2-update/bin/../lib/gcc/arm-none-eabi/7.3.1/../../../../arm-none-eabi/lib/thumb/v7-m\libnosys.a(sbrk.o)
 .ARM.attributes
                0x00000a1f       0x2d d:/gnu tools arm embedded/7 2018-q2-update/bin/../lib/gcc/arm-none-eabi/7.3.1/../../../../arm-none-eabi/lib/thumb/v7-m\libnosys.a(times.o)
 .ARM.attributes
                0x00000a4c       0x2d d:/gnu tools arm embedded/7 2018-q2-update/bin/../lib/gcc/arm-none-eabi/7.3.1/../../../../arm-none-eabi/lib/thumb/v7-m\libnosys.a(write.o)
 .ARM.attributes
                0x00000a79       0x2d d:/gnu tools arm embedded/7 2018-q2-update/bin/../lib/gcc/arm-none-eabi/7.3.1/../../../../arm-none-eabi/lib/thumb/v7-m\libnosys.a(_exit.o)
 .ARM.attributes
                0x00000aa6       0x1d d:/gnu tools arm embedded/7 2018-q2-update/bin/../lib/gcc/arm-none-eabi/7.3.1/thumb/v7-m\libgcc.a(_arm_addsubdf3.o)
 .ARM.attributes
                0x00000ac3       0x1d d:/gnu tools arm embedded/7 2018-q2-update/bin/../lib/gcc/arm-none-eabi/7.3.1/thumb/v7-m\libgcc.a(_arm_muldivdf3.o)
 .ARM.attributes
                0x00000ae0       0x1d d:/gnu tools arm embedded/7 2018-q2-update/bin/../lib/gcc/arm-none-eabi/7.3.1/thumb/v7-m\libgcc.a(_arm_fixunsdfsi.o)
 .ARM.attributes
                0x00000afd       0x1d d:/gnu tools arm embedded/7 2018-q2-update/bin/../lib/gcc/arm-none-eabi/7.3.1/thumb/v7-m\libgcc.a(_arm_addsubsf3.o)
 .ARM.attributes
                0x00000b1a       0x1d d:/gnu tools arm embedded/7 2018-q2-update/bin/../lib/gcc/arm-none-eabi/7.3.1/thumb/v7-m\libgcc.a(_arm_muldivsf3.o)
 .ARM.attributes
                0x00000b37       0x1d d:/gnu tools arm embedded/7 2018-q2-update/bin/../lib/gcc/arm-none-eabi/7.3.1/thumb/v7-m\libgcc.a(_arm_fixunssfsi.o)
 .ARM.attributes
                0x00000b54       0x1d d:/gnu tools arm embedded/7 2018-q2-update/bin/../lib/gcc/arm-none-eabi/7.3.1/thumb/v7-m/crtn.o
OUTPUT(OBJ/snake.elf elf32-littlearm)

.debug_info     0x00000000    0x18069
 .debug_info    0x00000000      0x921 OBJ/sys.o
 .debug_info    0x00000921     0x1aa5 OBJ/main.o
 .debug_info    0x000023c6      0x20b OBJ/delay.o
 .debug_info    0x000025d1      0xeca OBJ/usart.o
 .debug_info    0x0000349b      0x4d0 OBJ/system_stm32f10x.o
 .debug_info    0x0000396b     0x103b OBJ/AI.o
 .debug_info    0x000049a6     0x12d1 OBJ/snake.o
 .debug_info    0x00005c77    0x121e6 OBJ/ILI93xx.o
 .debug_info    0x00017e5d      0x1ea OBJ/led.o
 .debug_info    0x00018047       0x22 OBJ/startup_stm32f103xe.o

.debug_abbrev   0x00000000     0x15cf
 .debug_abbrev  0x00000000      0x242 OBJ/sys.o
 .debug_abbrev  0x00000242      0x202 OBJ/main.o
 .debug_abbrev  0x00000444      0x11c OBJ/delay.o
 .debug_abbrev  0x00000560      0x255 OBJ/usart.o
 .debug_abbrev  0x000007b5      0x1bb OBJ/system_stm32f10x.o
 .debug_abbrev  0x00000970      0x38c OBJ/AI.o
 .debug_abbrev  0x00000cfc      0x36e OBJ/snake.o
 .debug_abbrev  0x0000106a      0x4a1 OBJ/ILI93xx.o
 .debug_abbrev  0x0000150b       0xb2 OBJ/led.o
 .debug_abbrev  0x000015bd       0x12 OBJ/startup_stm32f103xe.o

.debug_loc      0x00000000     0xd9aa
 .debug_loc     0x00000000      0x3a4 OBJ/sys.o
 .debug_loc     0x000003a4       0xd1 OBJ/main.o
 .debug_loc     0x00000475      0x10d OBJ/delay.o
 .debug_loc     0x00000582      0x130 OBJ/usart.o
 .debug_loc     0x000006b2      0x10c OBJ/system_stm32f10x.o
 .debug_loc     0x000007be      0xc18 OBJ/AI.o
 .debug_loc     0x000013d6      0x769 OBJ/snake.o
 .debug_loc     0x00001b3f     0xbe6b OBJ/ILI93xx.o

.debug_aranges  0x00000000      0x2e8
 .debug_aranges
                0x00000000       0x80 OBJ/sys.o
 .debug_aranges
                0x00000080       0x20 OBJ/main.o
 .debug_aranges
                0x000000a0       0x30 OBJ/delay.o
 .debug_aranges
                0x000000d0       0x28 OBJ/usart.o
 .debug_aranges
                0x000000f8       0x28 OBJ/system_stm32f10x.o
 .debug_aranges
                0x00000120       0x38 OBJ/AI.o
 .debug_aranges
                0x00000158       0x40 OBJ/snake.o
 .debug_aranges
                0x00000198      0x108 OBJ/ILI93xx.o
 .debug_aranges
                0x000002a0       0x20 OBJ/led.o
 .debug_aranges
                0x000002c0       0x28 OBJ/startup_stm32f103xe.o

.debug_ranges   0x00000000     0x9ba0
 .debug_ranges  0x00000000       0xe0 OBJ/sys.o
 .debug_ranges  0x000000e0       0x10 OBJ/main.o
 .debug_ranges  0x000000f0       0x20 OBJ/delay.o
 .debug_ranges  0x00000110       0x18 OBJ/usart.o
 .debug_ranges  0x00000128       0x40 OBJ/system_stm32f10x.o
 .debug_ranges  0x00000168      0x198 OBJ/AI.o
 .debug_ranges  0x00000300      0x220 OBJ/snake.o
 .debug_ranges  0x00000520     0x9650 OBJ/ILI93xx.o
 .debug_ranges  0x00009b70       0x10 OBJ/led.o
 .debug_ranges  0x00009b80       0x20 OBJ/startup_stm32f103xe.o

.debug_line     0x00000000     0x5aca
 .debug_line    0x00000000      0x2b8 OBJ/sys.o
 .debug_line    0x000002b8      0x34e OBJ/main.o
 .debug_line    0x00000606      0x198 OBJ/delay.o
 .debug_line    0x0000079e      0x21e OBJ/usart.o
 .debug_line    0x000009bc      0x1ac OBJ/system_stm32f10x.o
 .debug_line    0x00000b68      0x3ee OBJ/AI.o
 .debug_line    0x00000f56      0x42b OBJ/snake.o
 .debug_line    0x00001381     0x4599 OBJ/ILI93xx.o
 .debug_line    0x0000591a      0x13e OBJ/led.o
 .debug_line    0x00005a58       0x72 OBJ/startup_stm32f103xe.o

.debug_str      0x00000000     0x11b2
 .debug_str     0x00000000      0x3f0 OBJ/sys.o
                                0x43a (size before relaxing)
 .debug_str     0x000003f0      0x4d2 OBJ/main.o
                                0x69a (size before relaxing)
 .debug_str     0x000008c2       0x50 OBJ/delay.o
                                0x1fa (size before relaxing)
 .debug_str     0x00000912      0x432 OBJ/usart.o
                                0xa5c (size before relaxing)
 .debug_str     0x00000d44       0x9a OBJ/system_stm32f10x.o
                                0x2e1 (size before relaxing)
 .debug_str     0x00000dde       0xa4 OBJ/AI.o
                                0x5f4 (size before relaxing)
 .debug_str     0x00000e82       0x6b OBJ/snake.o
                                0x6ce (size before relaxing)
 .debug_str     0x00000eed      0x28e OBJ/ILI93xx.o
                                0x93a (size before relaxing)
 .debug_str     0x0000117b       0x13 OBJ/led.o
                                0x1dd (size before relaxing)
 .debug_str     0x0000118e       0x24 OBJ/startup_stm32f103xe.o
                                 0x44 (size before relaxing)

.comment        0x00000000       0x7f
 .comment       0x00000000       0x7f OBJ/sys.o
                                 0x80 (size before relaxing)
 .comment       0x0000007f       0x80 OBJ/main.o
 .comment       0x0000007f       0x80 OBJ/delay.o
 .comment       0x0000007f       0x80 OBJ/usart.o
 .comment       0x0000007f       0x80 OBJ/system_stm32f10x.o
 .comment       0x0000007f       0x80 OBJ/AI.o
 .comment       0x0000007f       0x80 OBJ/snake.o
 .comment       0x0000007f       0x80 OBJ/ILI93xx.o
 .comment       0x0000007f       0x80 OBJ/led.o

.debug_frame    0x00000000     0x1790
 .debug_frame   0x00000000      0x138 OBJ/sys.o
 .debug_frame   0x00000138       0x44 OBJ/main.o
 .debug_frame   0x0000017c       0x70 OBJ/delay.o
 .debug_frame   0x000001ec       0x58 OBJ/usart.o
 .debug_frame   0x00000244       0x4c OBJ/system_stm32f10x.o
 .debug_frame   0x00000290      0x110 OBJ/AI.o
 .debug_frame   0x000003a0       0xe0 OBJ/snake.o
 .debug_frame   0x00000480      0x5c4 OBJ/ILI93xx.o
 .debug_frame   0x00000a44       0x20 OBJ/led.o
 .debug_frame   0x00000a64       0x28 d:/gnu tools arm embedded/7 2018-q2-update/bin/../lib/gcc/arm-none-eabi/7.3.1/../../../../arm-none-eabi/lib/thumb/v7-m\libc_nano.a(lib_a-clock.o)
 .debug_frame   0x00000a8c       0x28 d:/gnu tools arm embedded/7 2018-q2-update/bin/../lib/gcc/arm-none-eabi/7.3.1/../../../../arm-none-eabi/lib/thumb/v7-m\libc_nano.a(lib_a-exit.o)
 .debug_frame   0x00000ab4       0x2c d:/gnu tools arm embedded/7 2018-q2-update/bin/../lib/gcc/arm-none-eabi/7.3.1/../../../../arm-none-eabi/lib/thumb/v7-m\libc_nano.a(lib_a-init.o)
 .debug_frame   0x00000ae0       0x20 d:/gnu tools arm embedded/7 2018-q2-update/bin/../lib/gcc/arm-none-eabi/7.3.1/../../../../arm-none-eabi/lib/thumb/v7-m\libc_nano.a(lib_a-memset.o)
 .debug_frame   0x00000b00       0x74 d:/gnu tools arm embedded/7 2018-q2-update/bin/../lib/gcc/arm-none-eabi/7.3.1/../../../../arm-none-eabi/lib/thumb/v7-m\libc_nano.a(lib_a-printf.o)
 .debug_frame   0x00000b74       0x48 d:/gnu tools arm embedded/7 2018-q2-update/bin/../lib/gcc/arm-none-eabi/7.3.1/../../../../arm-none-eabi/lib/thumb/v7-m\libc_nano.a(lib_a-rand.o)
 .debug_frame   0x00000bbc       0x6c d:/gnu tools arm embedded/7 2018-q2-update/bin/../lib/gcc/arm-none-eabi/7.3.1/../../../../arm-none-eabi/lib/thumb/v7-m\libc_nano.a(lib_a-sprintf.o)
 .debug_frame   0x00000c28       0x2c d:/gnu tools arm embedded/7 2018-q2-update/bin/../lib/gcc/arm-none-eabi/7.3.1/../../../../arm-none-eabi/lib/thumb/v7-m\libc_nano.a(lib_a-time.o)
 .debug_frame   0x00000c54       0x20 d:/gnu tools arm embedded/7 2018-q2-update/bin/../lib/gcc/arm-none-eabi/7.3.1/../../../../arm-none-eabi/lib/thumb/v7-m\libc_nano.a(lib_a-timesr.o)
 .debug_frame   0x00000c74      0x11c d:/gnu tools arm embedded/7 2018-q2-update/bin/../lib/gcc/arm-none-eabi/7.3.1/../../../../arm-none-eabi/lib/thumb/v7-m\libc_nano.a(lib_a-findfp.o)
 .debug_frame   0x00000d90       0x54 d:/gnu tools arm embedded/7 2018-q2-update/bin/../lib/gcc/arm-none-eabi/7.3.1/../../../../arm-none-eabi/lib/thumb/v7-m\libc_nano.a(lib_a-fwalk.o)
 .debug_frame   0x00000de4       0x2c d:/gnu tools arm embedded/7 2018-q2-update/bin/../lib/gcc/arm-none-eabi/7.3.1/../../../../arm-none-eabi/lib/thumb/v7-m\libc_nano.a(lib_a-gettimeofdayr.o)
 .debug_frame   0x00000e10       0x30 d:/gnu tools arm embedded/7 2018-q2-update/bin/../lib/gcc/arm-none-eabi/7.3.1/../../../../arm-none-eabi/lib/thumb/v7-m\libc_nano.a(lib_a-malloc.o)
 .debug_frame   0x00000e40       0x38 d:/gnu tools arm embedded/7 2018-q2-update/bin/../lib/gcc/arm-none-eabi/7.3.1/../../../../arm-none-eabi/lib/thumb/v7-m\libc_nano.a(lib_a-nano-freer.o)
 .debug_frame   0x00000e78       0x2c d:/gnu tools arm embedded/7 2018-q2-update/bin/../lib/gcc/arm-none-eabi/7.3.1/../../../../arm-none-eabi/lib/thumb/v7-m\libc_nano.a(lib_a-nano-mallocr.o)
 .debug_frame   0x00000ea4       0x90 d:/gnu tools arm embedded/7 2018-q2-update/bin/../lib/gcc/arm-none-eabi/7.3.1/../../../../arm-none-eabi/lib/thumb/v7-m\libc_nano.a(lib_a-nano-svfprintf.o)
 .debug_frame   0x00000f34       0xac d:/gnu tools arm embedded/7 2018-q2-update/bin/../lib/gcc/arm-none-eabi/7.3.1/../../../../arm-none-eabi/lib/thumb/v7-m\libc_nano.a(lib_a-nano-vfprintf.o)
 .debug_frame   0x00000fe0       0x60 d:/gnu tools arm embedded/7 2018-q2-update/bin/../lib/gcc/arm-none-eabi/7.3.1/../../../../arm-none-eabi/lib/thumb/v7-m\libc_nano.a(lib_a-nano-vfprintf_i.o)
 .debug_frame   0x00001040       0x5c d:/gnu tools arm embedded/7 2018-q2-update/bin/../lib/gcc/arm-none-eabi/7.3.1/../../../../arm-none-eabi/lib/thumb/v7-m\libc_nano.a(lib_a-reent.o)
 .debug_frame   0x0000109c       0x2c d:/gnu tools arm embedded/7 2018-q2-update/bin/../lib/gcc/arm-none-eabi/7.3.1/../../../../arm-none-eabi/lib/thumb/v7-m\libc_nano.a(lib_a-sbrkr.o)
 .debug_frame   0x000010c8       0x88 d:/gnu tools arm embedded/7 2018-q2-update/bin/../lib/gcc/arm-none-eabi/7.3.1/../../../../arm-none-eabi/lib/thumb/v7-m\libc_nano.a(lib_a-stdio.o)
 .debug_frame   0x00001150       0x40 d:/gnu tools arm embedded/7 2018-q2-update/bin/../lib/gcc/arm-none-eabi/7.3.1/../../../../arm-none-eabi/lib/thumb/v7-m\libc_nano.a(lib_a-wbuf.o)
 .debug_frame   0x00001190       0x2c d:/gnu tools arm embedded/7 2018-q2-update/bin/../lib/gcc/arm-none-eabi/7.3.1/../../../../arm-none-eabi/lib/thumb/v7-m\libc_nano.a(lib_a-writer.o)
 .debug_frame   0x000011bc       0x2c d:/gnu tools arm embedded/7 2018-q2-update/bin/../lib/gcc/arm-none-eabi/7.3.1/../../../../arm-none-eabi/lib/thumb/v7-m\libc_nano.a(lib_a-wsetup.o)
 .debug_frame   0x000011e8       0x2c d:/gnu tools arm embedded/7 2018-q2-update/bin/../lib/gcc/arm-none-eabi/7.3.1/../../../../arm-none-eabi/lib/thumb/v7-m\libc_nano.a(lib_a-closer.o)
 .debug_frame   0x00001214       0x68 d:/gnu tools arm embedded/7 2018-q2-update/bin/../lib/gcc/arm-none-eabi/7.3.1/../../../../arm-none-eabi/lib/thumb/v7-m\libc_nano.a(lib_a-fflush.o)
 .debug_frame   0x0000127c       0x2c d:/gnu tools arm embedded/7 2018-q2-update/bin/../lib/gcc/arm-none-eabi/7.3.1/../../../../arm-none-eabi/lib/thumb/v7-m\libc_nano.a(lib_a-lseekr.o)
 .debug_frame   0x000012a8       0x58 d:/gnu tools arm embedded/7 2018-q2-update/bin/../lib/gcc/arm-none-eabi/7.3.1/../../../../arm-none-eabi/lib/thumb/v7-m\libc_nano.a(lib_a-makebuf.o)
 .debug_frame   0x00001300       0x28 d:/gnu tools arm embedded/7 2018-q2-update/bin/../lib/gcc/arm-none-eabi/7.3.1/../../../../arm-none-eabi/lib/thumb/v7-m\libc_nano.a(lib_a-memchr-stub.o)
 .debug_frame   0x00001328       0x28 d:/gnu tools arm embedded/7 2018-q2-update/bin/../lib/gcc/arm-none-eabi/7.3.1/../../../../arm-none-eabi/lib/thumb/v7-m\libc_nano.a(lib_a-memcpy-stub.o)
 .debug_frame   0x00001350       0x28 d:/gnu tools arm embedded/7 2018-q2-update/bin/../lib/gcc/arm-none-eabi/7.3.1/../../../../arm-none-eabi/lib/thumb/v7-m\libc_nano.a(lib_a-memmove.o)
 .debug_frame   0x00001378       0x30 d:/gnu tools arm embedded/7 2018-q2-update/bin/../lib/gcc/arm-none-eabi/7.3.1/../../../../arm-none-eabi/lib/thumb/v7-m\libc_nano.a(lib_a-mlock.o)
 .debug_frame   0x000013a8       0x3c d:/gnu tools arm embedded/7 2018-q2-update/bin/../lib/gcc/arm-none-eabi/7.3.1/../../../../arm-none-eabi/lib/thumb/v7-m\libc_nano.a(lib_a-nano-reallocr.o)
 .debug_frame   0x000013e4       0x2c d:/gnu tools arm embedded/7 2018-q2-update/bin/../lib/gcc/arm-none-eabi/7.3.1/../../../../arm-none-eabi/lib/thumb/v7-m\libc_nano.a(lib_a-readr.o)
 .debug_frame   0x00001410       0x2c d:/gnu tools arm embedded/7 2018-q2-update/bin/../lib/gcc/arm-none-eabi/7.3.1/../../../../arm-none-eabi/lib/thumb/v7-m\libc_nano.a(lib_a-fstatr.o)
 .debug_frame   0x0000143c       0x2c d:/gnu tools arm embedded/7 2018-q2-update/bin/../lib/gcc/arm-none-eabi/7.3.1/../../../../arm-none-eabi/lib/thumb/v7-m\libc_nano.a(lib_a-isattyr.o)
 .debug_frame   0x00001468       0x20 d:/gnu tools arm embedded/7 2018-q2-update/bin/../lib/gcc/arm-none-eabi/7.3.1/../../../../arm-none-eabi/lib/thumb/v7-m\libc_nano.a(lib_a-nano-msizer.o)
 .debug_frame   0x00001488       0x20 d:/gnu tools arm embedded/7 2018-q2-update/bin/../lib/gcc/arm-none-eabi/7.3.1/../../../../arm-none-eabi/lib/thumb/v7-m\libnosys.a(close.o)
 .debug_frame   0x000014a8       0x20 d:/gnu tools arm embedded/7 2018-q2-update/bin/../lib/gcc/arm-none-eabi/7.3.1/../../../../arm-none-eabi/lib/thumb/v7-m\libnosys.a(fstat.o)
 .debug_frame   0x000014c8       0x20 d:/gnu tools arm embedded/7 2018-q2-update/bin/../lib/gcc/arm-none-eabi/7.3.1/../../../../arm-none-eabi/lib/thumb/v7-m\libnosys.a(gettod.o)
 .debug_frame   0x000014e8       0x20 d:/gnu tools arm embedded/7 2018-q2-update/bin/../lib/gcc/arm-none-eabi/7.3.1/../../../../arm-none-eabi/lib/thumb/v7-m\libnosys.a(isatty.o)
 .debug_frame   0x00001508       0x20 d:/gnu tools arm embedded/7 2018-q2-update/bin/../lib/gcc/arm-none-eabi/7.3.1/../../../../arm-none-eabi/lib/thumb/v7-m\libnosys.a(lseek.o)
 .debug_frame   0x00001528       0x20 d:/gnu tools arm embedded/7 2018-q2-update/bin/../lib/gcc/arm-none-eabi/7.3.1/../../../../arm-none-eabi/lib/thumb/v7-m\libnosys.a(read.o)
 .debug_frame   0x00001548       0x20 d:/gnu tools arm embedded/7 2018-q2-update/bin/../lib/gcc/arm-none-eabi/7.3.1/../../../../arm-none-eabi/lib/thumb/v7-m\libnosys.a(sbrk.o)
 .debug_frame   0x00001568       0x20 d:/gnu tools arm embedded/7 2018-q2-update/bin/../lib/gcc/arm-none-eabi/7.3.1/../../../../arm-none-eabi/lib/thumb/v7-m\libnosys.a(times.o)
 .debug_frame   0x00001588       0x20 d:/gnu tools arm embedded/7 2018-q2-update/bin/../lib/gcc/arm-none-eabi/7.3.1/../../../../arm-none-eabi/lib/thumb/v7-m\libnosys.a(write.o)
 .debug_frame   0x000015a8       0x20 d:/gnu tools arm embedded/7 2018-q2-update/bin/../lib/gcc/arm-none-eabi/7.3.1/../../../../arm-none-eabi/lib/thumb/v7-m\libnosys.a(_exit.o)
 .debug_frame   0x000015c8       0xac d:/gnu tools arm embedded/7 2018-q2-update/bin/../lib/gcc/arm-none-eabi/7.3.1/thumb/v7-m\libgcc.a(_arm_addsubdf3.o)
 .debug_frame   0x00001674       0x50 d:/gnu tools arm embedded/7 2018-q2-update/bin/../lib/gcc/arm-none-eabi/7.3.1/thumb/v7-m\libgcc.a(_arm_muldivdf3.o)
 .debug_frame   0x000016c4       0x24 d:/gnu tools arm embedded/7 2018-q2-update/bin/../lib/gcc/arm-none-eabi/7.3.1/thumb/v7-m\libgcc.a(_arm_fixunsdfsi.o)
 .debug_frame   0x000016e8       0x4c d:/gnu tools arm embedded/7 2018-q2-update/bin/../lib/gcc/arm-none-eabi/7.3.1/thumb/v7-m\libgcc.a(_arm_addsubsf3.o)
 .debug_frame   0x00001734       0x38 d:/gnu tools arm embedded/7 2018-q2-update/bin/../lib/gcc/arm-none-eabi/7.3.1/thumb/v7-m\libgcc.a(_arm_muldivsf3.o)
 .debug_frame   0x0000176c       0x24 d:/gnu tools arm embedded/7 2018-q2-update/bin/../lib/gcc/arm-none-eabi/7.3.1/thumb/v7-m\libgcc.a(_arm_fixunssfsi.o)

.stab           0x00000000       0xcc
 .stab          0x00000000       0x24 d:/gnu tools arm embedded/7 2018-q2-update/bin/../lib/gcc/arm-none-eabi/7.3.1/../../../../arm-none-eabi/lib/thumb/v7-m\libnosys.a(close.o)
 .stab          0x00000024       0x18 d:/gnu tools arm embedded/7 2018-q2-update/bin/../lib/gcc/arm-none-eabi/7.3.1/../../../../arm-none-eabi/lib/thumb/v7-m\libnosys.a(fstat.o)
                                 0x24 (size before relaxing)
 .stab          0x0000003c       0x18 d:/gnu tools arm embedded/7 2018-q2-update/bin/../lib/gcc/arm-none-eabi/7.3.1/../../../../arm-none-eabi/lib/thumb/v7-m\libnosys.a(gettod.o)
                                 0x24 (size before relaxing)
 .stab          0x00000054       0x18 d:/gnu tools arm embedded/7 2018-q2-update/bin/../lib/gcc/arm-none-eabi/7.3.1/../../../../arm-none-eabi/lib/thumb/v7-m\libnosys.a(isatty.o)
                                 0x24 (size before relaxing)
 .stab          0x0000006c       0x18 d:/gnu tools arm embedded/7 2018-q2-update/bin/../lib/gcc/arm-none-eabi/7.3.1/../../../../arm-none-eabi/lib/thumb/v7-m\libnosys.a(lseek.o)
                                 0x24 (size before relaxing)
 .stab          0x00000084       0x18 d:/gnu tools arm embedded/7 2018-q2-update/bin/../lib/gcc/arm-none-eabi/7.3.1/../../../../arm-none-eabi/lib/thumb/v7-m\libnosys.a(read.o)
                                 0x24 (size before relaxing)
 .stab          0x0000009c       0x18 d:/gnu tools arm embedded/7 2018-q2-update/bin/../lib/gcc/arm-none-eabi/7.3.1/../../../../arm-none-eabi/lib/thumb/v7-m\libnosys.a(times.o)
                                 0x24 (size before relaxing)
 .stab          0x000000b4       0x18 d:/gnu tools arm embedded/7 2018-q2-update/bin/../lib/gcc/arm-none-eabi/7.3.1/../../../../arm-none-eabi/lib/thumb/v7-m\libnosys.a(write.o)
                                 0x24 (size before relaxing)

.stabstr        0x00000000      0x1c7
 .stabstr       0x00000000      0x1c7 d:/gnu tools arm embedded/7 2018-q2-update/bin/../lib/gcc/arm-none-eabi/7.3.1/../../../../arm-none-eabi/lib/thumb/v7-m\libnosys.a(close.o)

Cross Reference Table

Symbol                                            File
ADC1_2_IRQHandler                                 OBJ/startup_stm32f103xe.o
ADC3_IRQHandler                                   OBJ/startup_stm32f103xe.o
AHBPrescTable                                     OBJ/system_stm32f10x.o
BACK_COLOR                                        OBJ/ILI93xx.o
BusFault_Handler                                  OBJ/startup_stm32f103xe.o
CAN1_RX1_IRQHandler                               OBJ/startup_stm32f103xe.o
CAN1_SCE_IRQHandler                               OBJ/startup_stm32f103xe.o
DMA1_Channel1_IRQHandler                          OBJ/startup_stm32f103xe.o
DMA1_Channel2_IRQHandler                          OBJ/startup_stm32f103xe.o
DMA1_Channel3_IRQHandler                          OBJ/startup_stm32f103xe.o
DMA1_Channel4_IRQHandler                          OBJ/startup_stm32f103xe.o
DMA1_Channel5_IRQHandler                          OBJ/startup_stm32f103xe.o
DMA1_Channel6_IRQHandler                          OBJ/startup_stm32f103xe.o
DMA1_Channel7_IRQHandler                          OBJ/startup_stm32f103xe.o
DMA2_Channel1_IRQHandler                          OBJ/startup_stm32f103xe.o
DMA2_Channel2_IRQHandler                          OBJ/startup_stm32f103xe.o
DMA2_Channel3_IRQHandler                          OBJ/startup_stm32f103xe.o
DMA2_Channel4_5_IRQHandler                        OBJ/startup_stm32f103xe.o
DebugMon_Handler                                  OBJ/startup_stm32f103xe.o
Default_Handler                                   OBJ/startup_stm32f103xe.o
EXTI0_IRQHandler                                  OBJ/startup_stm32f103xe.o
EXTI15_10_IRQHandler                              OBJ/startup_stm32f103xe.o
EXTI1_IRQHandler                                  OBJ/startup_stm32f103xe.o
EXTI2_IRQHandler                                  OBJ/startup_stm32f103xe.o
EXTI3_IRQHandler                                  OBJ/startup_stm32f103xe.o
EXTI4_IRQHandler                                  OBJ/startup_stm32f103xe.o
EXTI9_5_IRQHandler                                OBJ/startup_stm32f103xe.o
Ex_NVIC_Config                                    OBJ/sys.o
FLASH_IRQHandler                                  OBJ/startup_stm32f103xe.o
FSMC_IRQHandler                                   OBJ/startup_stm32f103xe.o
HardFault_Handler                                 OBJ/startup_stm32f103xe.o
I2C1_ER_IRQHandler                                OBJ/startup_stm32f103xe.o
I2C1_EV_IRQHandler                                OBJ/startup_stm32f103xe.o
I2C2_ER_IRQHandler                                OBJ/startup_stm32f103xe.o
I2C2_EV_IRQHandler                                OBJ/startup_stm32f103xe.o
INTX_DISABLE                                      OBJ/sys.o
INTX_ENABLE                                       OBJ/sys.o
JTAG_Set                                          OBJ/sys.o
                                                  OBJ/ILI93xx.o
LCD_BGR2RGB                                       OBJ/ILI93xx.o
LCD_Clear                                         OBJ/ILI93xx.o
                                                  OBJ/snake.o
                                                  OBJ/main.o
LCD_Color_Fill                                    OBJ/ILI93xx.o
LCD_DisplayOff                                    OBJ/ILI93xx.o
LCD_DisplayOn                                     OBJ/ILI93xx.o
LCD_Display_Dir                                   OBJ/ILI93xx.o
LCD_DrawLine                                      OBJ/ILI93xx.o
LCD_DrawPoint                                     OBJ/ILI93xx.o
LCD_DrawRectangle                                 OBJ/ILI93xx.o
LCD_Draw_Circle                                   OBJ/ILI93xx.o
LCD_Fast_DrawPoint                                OBJ/ILI93xx.o
LCD_Fill                                          OBJ/ILI93xx.o
                                                  OBJ/snake.o
LCD_Init                                          OBJ/ILI93xx.o
                                                  OBJ/main.o
LCD_Pow                                           OBJ/ILI93xx.o
LCD_RD_DATA                                       OBJ/ILI93xx.o
LCD_ReadPoint                                     OBJ/ILI93xx.o
LCD_ReadReg                                       OBJ/ILI93xx.o
LCD_SSD_BackLightSet                              OBJ/ILI93xx.o
LCD_Scan_Dir                                      OBJ/ILI93xx.o
LCD_SetCursor                                     OBJ/ILI93xx.o
LCD_Set_Window                                    OBJ/ILI93xx.o
LCD_ShowChar                                      OBJ/ILI93xx.o
LCD_ShowNum                                       OBJ/ILI93xx.o
LCD_ShowString                                    OBJ/ILI93xx.o
                                                  OBJ/main.o
LCD_ShowxNum                                      OBJ/ILI93xx.o
LCD_WR_DATAX                                      OBJ/ILI93xx.o
LCD_WR_REG                                        OBJ/ILI93xx.o
LCD_WriteRAM                                      OBJ/ILI93xx.o
LCD_WriteRAM_Prepare                              OBJ/ILI93xx.o
LCD_WriteReg                                      OBJ/ILI93xx.o
LED_Init                                          OBJ/led.o
                                                  OBJ/main.o
MSR_MSP                                           OBJ/sys.o
MYRCC_DeInit                                      OBJ/sys.o
MY_NVIC_Init                                      OBJ/sys.o
                                                  OBJ/usart.o
MY_NVIC_PriorityGroupConfig                       OBJ/sys.o
MY_NVIC_SetVectorTable                            OBJ/sys.o
MemManage_Handler                                 OBJ/startup_stm32f103xe.o
NMI_Handler                                       OBJ/startup_stm32f103xe.o
POINT_COLOR                                       OBJ/ILI93xx.o
                                                  OBJ/main.o
PVD_IRQHandler                                    OBJ/startup_stm32f103xe.o
PendSV_Handler                                    OBJ/startup_stm32f103xe.o
RCC_IRQHandler                                    OBJ/startup_stm32f103xe.o
RTC_Alarm_IRQHandler                              OBJ/startup_stm32f103xe.o
RTC_IRQHandler                                    OBJ/startup_stm32f103xe.o
Reset_Handler                                     OBJ/startup_stm32f103xe.o
SDIO_IRQHandler                                   OBJ/startup_stm32f103xe.o
SPI1_IRQHandler                                   OBJ/startup_stm32f103xe.o
SPI2_IRQHandler                                   OBJ/startup_stm32f103xe.o
SPI3_IRQHandler                                   OBJ/startup_stm32f103xe.o
SVC_Handler                                       OBJ/startup_stm32f103xe.o
Stm32_Clock_Init                                  OBJ/sys.o
                                                  OBJ/main.o
SysTick_Handler                                   OBJ/startup_stm32f103xe.o
Sys_Soft_Reset                                    OBJ/sys.o
Sys_Standby                                       OBJ/sys.o
SystemCoreClock                                   OBJ/system_stm32f10x.o
SystemCoreClockUpdate                             OBJ/system_stm32f10x.o
SystemInit                                        OBJ/system_stm32f10x.o
                                                  OBJ/startup_stm32f103xe.o
TAMPER_IRQHandler                                 OBJ/startup_stm32f103xe.o
TIM1_BRK_IRQHandler                               OBJ/startup_stm32f103xe.o
TIM1_CC_IRQHandler                                OBJ/startup_stm32f103xe.o
TIM1_TRG_COM_IRQHandler                           OBJ/startup_stm32f103xe.o
TIM1_UP_IRQHandler                                OBJ/startup_stm32f103xe.o
TIM2_IRQHandler                                   OBJ/startup_stm32f103xe.o
TIM3_IRQHandler                                   OBJ/startup_stm32f103xe.o
TIM4_IRQHandler                                   OBJ/startup_stm32f103xe.o
TIM5_IRQHandler                                   OBJ/startup_stm32f103xe.o
TIM6_IRQHandler                                   OBJ/startup_stm32f103xe.o
TIM7_IRQHandler                                   OBJ/startup_stm32f103xe.o
TIM8_BRK_IRQHandler                               OBJ/startup_stm32f103xe.o
TIM8_CC_IRQHandler                                OBJ/startup_stm32f103xe.o
TIM8_TRG_COM_IRQHandler                           OBJ/startup_stm32f103xe.o
TIM8_UP_IRQHandler                                OBJ/startup_stm32f103xe.o
UART4_IRQHandler                                  OBJ/startup_stm32f103xe.o
UART5_IRQHandler                                  OBJ/startup_stm32f103xe.o
USART1_IRQHandler                                 OBJ/usart.o
USART2_IRQHandler                                 OBJ/startup_stm32f103xe.o
USART3_IRQHandler                                 OBJ/startup_stm32f103xe.o
USART_RX_BUF                                      OBJ/usart.o
USART_RX_STA                                      OBJ/usart.o
USBWakeUp_IRQHandler                              OBJ/startup_stm32f103xe.o
USB_HP_CAN1_TX_IRQHandler                         OBJ/startup_stm32f103xe.o
USB_LP_CAN1_RX0_IRQHandler                        OBJ/startup_stm32f103xe.o
UsageFault_Handler                                OBJ/startup_stm32f103xe.o
WFI_SET                                           OBJ/sys.o
WWDG_IRQHandler                                   OBJ/startup_stm32f103xe.o
__adddf3                                          d:/gnu tools arm embedded/7 2018-q2-update/bin/../lib/gcc/arm-none-eabi/7.3.1/thumb/v7-m\libgcc.a(_arm_addsubdf3.o)
__addsf3                                          d:/gnu tools arm embedded/7 2018-q2-update/bin/../lib/gcc/arm-none-eabi/7.3.1/thumb/v7-m\libgcc.a(_arm_addsubsf3.o)
__aeabi_d2uiz                                     d:/gnu tools arm embedded/7 2018-q2-update/bin/../lib/gcc/arm-none-eabi/7.3.1/thumb/v7-m\libgcc.a(_arm_fixunsdfsi.o)
                                                  OBJ/ILI93xx.o
__aeabi_dadd                                      d:/gnu tools arm embedded/7 2018-q2-update/bin/../lib/gcc/arm-none-eabi/7.3.1/thumb/v7-m\libgcc.a(_arm_addsubdf3.o)
__aeabi_ddiv                                      d:/gnu tools arm embedded/7 2018-q2-update/bin/../lib/gcc/arm-none-eabi/7.3.1/thumb/v7-m\libgcc.a(_arm_muldivdf3.o)
__aeabi_dmul                                      d:/gnu tools arm embedded/7 2018-q2-update/bin/../lib/gcc/arm-none-eabi/7.3.1/thumb/v7-m\libgcc.a(_arm_muldivdf3.o)
                                                  OBJ/ILI93xx.o
__aeabi_drsub                                     d:/gnu tools arm embedded/7 2018-q2-update/bin/../lib/gcc/arm-none-eabi/7.3.1/thumb/v7-m\libgcc.a(_arm_addsubdf3.o)
__aeabi_dsub                                      d:/gnu tools arm embedded/7 2018-q2-update/bin/../lib/gcc/arm-none-eabi/7.3.1/thumb/v7-m\libgcc.a(_arm_addsubdf3.o)
__aeabi_f2d                                       d:/gnu tools arm embedded/7 2018-q2-update/bin/../lib/gcc/arm-none-eabi/7.3.1/thumb/v7-m\libgcc.a(_arm_addsubdf3.o)
__aeabi_f2uiz                                     d:/gnu tools arm embedded/7 2018-q2-update/bin/../lib/gcc/arm-none-eabi/7.3.1/thumb/v7-m\libgcc.a(_arm_fixunssfsi.o)
                                                  OBJ/usart.o
__aeabi_fadd                                      d:/gnu tools arm embedded/7 2018-q2-update/bin/../lib/gcc/arm-none-eabi/7.3.1/thumb/v7-m\libgcc.a(_arm_addsubsf3.o)
__aeabi_fdiv                                      d:/gnu tools arm embedded/7 2018-q2-update/bin/../lib/gcc/arm-none-eabi/7.3.1/thumb/v7-m\libgcc.a(_arm_muldivsf3.o)
                                                  OBJ/usart.o
__aeabi_fmul                                      d:/gnu tools arm embedded/7 2018-q2-update/bin/../lib/gcc/arm-none-eabi/7.3.1/thumb/v7-m\libgcc.a(_arm_muldivsf3.o)
                                                  OBJ/usart.o
__aeabi_frsub                                     d:/gnu tools arm embedded/7 2018-q2-update/bin/../lib/gcc/arm-none-eabi/7.3.1/thumb/v7-m\libgcc.a(_arm_addsubsf3.o)
__aeabi_fsub                                      d:/gnu tools arm embedded/7 2018-q2-update/bin/../lib/gcc/arm-none-eabi/7.3.1/thumb/v7-m\libgcc.a(_arm_addsubsf3.o)
                                                  OBJ/usart.o
__aeabi_i2d                                       d:/gnu tools arm embedded/7 2018-q2-update/bin/../lib/gcc/arm-none-eabi/7.3.1/thumb/v7-m\libgcc.a(_arm_addsubdf3.o)
                                                  OBJ/ILI93xx.o
__aeabi_i2f                                       d:/gnu tools arm embedded/7 2018-q2-update/bin/../lib/gcc/arm-none-eabi/7.3.1/thumb/v7-m\libgcc.a(_arm_addsubsf3.o)
                                                  OBJ/usart.o
__aeabi_l2d                                       d:/gnu tools arm embedded/7 2018-q2-update/bin/../lib/gcc/arm-none-eabi/7.3.1/thumb/v7-m\libgcc.a(_arm_addsubdf3.o)
__aeabi_l2f                                       d:/gnu tools arm embedded/7 2018-q2-update/bin/../lib/gcc/arm-none-eabi/7.3.1/thumb/v7-m\libgcc.a(_arm_addsubsf3.o)
__aeabi_ui2d                                      d:/gnu tools arm embedded/7 2018-q2-update/bin/../lib/gcc/arm-none-eabi/7.3.1/thumb/v7-m\libgcc.a(_arm_addsubdf3.o)
__aeabi_ui2f                                      d:/gnu tools arm embedded/7 2018-q2-update/bin/../lib/gcc/arm-none-eabi/7.3.1/thumb/v7-m\libgcc.a(_arm_addsubsf3.o)
                                                  OBJ/usart.o
__aeabi_ul2d                                      d:/gnu tools arm embedded/7 2018-q2-update/bin/../lib/gcc/arm-none-eabi/7.3.1/thumb/v7-m\libgcc.a(_arm_addsubdf3.o)
__aeabi_ul2f                                      d:/gnu tools arm embedded/7 2018-q2-update/bin/../lib/gcc/arm-none-eabi/7.3.1/thumb/v7-m\libgcc.a(_arm_addsubsf3.o)
__bss_end__                                       d:/gnu tools arm embedded/7 2018-q2-update/bin/../lib/gcc/arm-none-eabi/7.3.1/../../../../arm-none-eabi/lib/thumb/v7-m/crt0.o
__bss_start__                                     d:/gnu tools arm embedded/7 2018-q2-update/bin/../lib/gcc/arm-none-eabi/7.3.1/../../../../arm-none-eabi/lib/thumb/v7-m/crt0.o
__call_exitprocs                                  d:/gnu tools arm embedded/7 2018-q2-update/bin/../lib/gcc/arm-none-eabi/7.3.1/../../../../arm-none-eabi/lib/thumb/v7-m\libc_nano.a(lib_a-exit.o)
__deregister_frame_info                           d:/gnu tools arm embedded/7 2018-q2-update/bin/../lib/gcc/arm-none-eabi/7.3.1/thumb/v7-m/crtbegin.o
__divdf3                                          d:/gnu tools arm embedded/7 2018-q2-update/bin/../lib/gcc/arm-none-eabi/7.3.1/thumb/v7-m\libgcc.a(_arm_muldivdf3.o)
__divsf3                                          d:/gnu tools arm embedded/7 2018-q2-update/bin/../lib/gcc/arm-none-eabi/7.3.1/thumb/v7-m\libgcc.a(_arm_muldivsf3.o)
__dso_handle                                      d:/gnu tools arm embedded/7 2018-q2-update/bin/../lib/gcc/arm-none-eabi/7.3.1/thumb/v7-m/crtbegin.o
__extendsfdf2                                     d:/gnu tools arm embedded/7 2018-q2-update/bin/../lib/gcc/arm-none-eabi/7.3.1/thumb/v7-m\libgcc.a(_arm_addsubdf3.o)
__fixunsdfsi                                      d:/gnu tools arm embedded/7 2018-q2-update/bin/../lib/gcc/arm-none-eabi/7.3.1/thumb/v7-m\libgcc.a(_arm_fixunsdfsi.o)
__fixunssfsi                                      d:/gnu tools arm embedded/7 2018-q2-update/bin/../lib/gcc/arm-none-eabi/7.3.1/thumb/v7-m\libgcc.a(_arm_fixunssfsi.o)
__floatdidf                                       d:/gnu tools arm embedded/7 2018-q2-update/bin/../lib/gcc/arm-none-eabi/7.3.1/thumb/v7-m\libgcc.a(_arm_addsubdf3.o)
__floatdisf                                       d:/gnu tools arm embedded/7 2018-q2-update/bin/../lib/gcc/arm-none-eabi/7.3.1/thumb/v7-m\libgcc.a(_arm_addsubsf3.o)
__floatsidf                                       d:/gnu tools arm embedded/7 2018-q2-update/bin/../lib/gcc/arm-none-eabi/7.3.1/thumb/v7-m\libgcc.a(_arm_addsubdf3.o)
__floatsisf                                       d:/gnu tools arm embedded/7 2018-q2-update/bin/../lib/gcc/arm-none-eabi/7.3.1/thumb/v7-m\libgcc.a(_arm_addsubsf3.o)
__floatundidf                                     d:/gnu tools arm embedded/7 2018-q2-update/bin/../lib/gcc/arm-none-eabi/7.3.1/thumb/v7-m\libgcc.a(_arm_addsubdf3.o)
__floatundisf                                     d:/gnu tools arm embedded/7 2018-q2-update/bin/../lib/gcc/arm-none-eabi/7.3.1/thumb/v7-m\libgcc.a(_arm_addsubsf3.o)
__floatunsidf                                     d:/gnu tools arm embedded/7 2018-q2-update/bin/../lib/gcc/arm-none-eabi/7.3.1/thumb/v7-m\libgcc.a(_arm_addsubdf3.o)
__floatunsisf                                     d:/gnu tools arm embedded/7 2018-q2-update/bin/../lib/gcc/arm-none-eabi/7.3.1/thumb/v7-m\libgcc.a(_arm_addsubsf3.o)
__fp_lock_all                                     d:/gnu tools arm embedded/7 2018-q2-update/bin/../lib/gcc/arm-none-eabi/7.3.1/../../../../arm-none-eabi/lib/thumb/v7-m\libc_nano.a(lib_a-findfp.o)
__fp_unlock_all                                   d:/gnu tools arm embedded/7 2018-q2-update/bin/../lib/gcc/arm-none-eabi/7.3.1/../../../../arm-none-eabi/lib/thumb/v7-m\libc_nano.a(lib_a-findfp.o)
__init_array_end                                  d:/gnu tools arm embedded/7 2018-q2-update/bin/../lib/gcc/arm-none-eabi/7.3.1/../../../../arm-none-eabi/lib/thumb/v7-m\libc_nano.a(lib_a-init.o)
__init_array_start                                d:/gnu tools arm embedded/7 2018-q2-update/bin/../lib/gcc/arm-none-eabi/7.3.1/../../../../arm-none-eabi/lib/thumb/v7-m\libc_nano.a(lib_a-init.o)
__libc_fini_array                                 d:/gnu tools arm embedded/7 2018-q2-update/bin/../lib/gcc/arm-none-eabi/7.3.1/../../../../arm-none-eabi/lib/thumb/v7-m/crt0.o
__libc_init_array                                 d:/gnu tools arm embedded/7 2018-q2-update/bin/../lib/gcc/arm-none-eabi/7.3.1/../../../../arm-none-eabi/lib/thumb/v7-m\libc_nano.a(lib_a-init.o)
                                                  OBJ/startup_stm32f103xe.o
                                                  d:/gnu tools arm embedded/7 2018-q2-update/bin/../lib/gcc/arm-none-eabi/7.3.1/../../../../arm-none-eabi/lib/thumb/v7-m/crt0.o
__malloc_free_list                                d:/gnu tools arm embedded/7 2018-q2-update/bin/../lib/gcc/arm-none-eabi/7.3.1/../../../../arm-none-eabi/lib/thumb/v7-m\libc_nano.a(lib_a-nano-mallocr.o)
                                                  d:/gnu tools arm embedded/7 2018-q2-update/bin/../lib/gcc/arm-none-eabi/7.3.1/../../../../arm-none-eabi/lib/thumb/v7-m\libc_nano.a(lib_a-nano-freer.o)
__malloc_lock                                     d:/gnu tools arm embedded/7 2018-q2-update/bin/../lib/gcc/arm-none-eabi/7.3.1/../../../../arm-none-eabi/lib/thumb/v7-m\libc_nano.a(lib_a-mlock.o)
                                                  d:/gnu tools arm embedded/7 2018-q2-update/bin/../lib/gcc/arm-none-eabi/7.3.1/../../../../arm-none-eabi/lib/thumb/v7-m\libc_nano.a(lib_a-nano-mallocr.o)
                                                  d:/gnu tools arm embedded/7 2018-q2-update/bin/../lib/gcc/arm-none-eabi/7.3.1/../../../../arm-none-eabi/lib/thumb/v7-m\libc_nano.a(lib_a-nano-freer.o)
__malloc_sbrk_start                               d:/gnu tools arm embedded/7 2018-q2-update/bin/../lib/gcc/arm-none-eabi/7.3.1/../../../../arm-none-eabi/lib/thumb/v7-m\libc_nano.a(lib_a-nano-mallocr.o)
__malloc_unlock                                   d:/gnu tools arm embedded/7 2018-q2-update/bin/../lib/gcc/arm-none-eabi/7.3.1/../../../../arm-none-eabi/lib/thumb/v7-m\libc_nano.a(lib_a-mlock.o)
                                                  d:/gnu tools arm embedded/7 2018-q2-update/bin/../lib/gcc/arm-none-eabi/7.3.1/../../../../arm-none-eabi/lib/thumb/v7-m\libc_nano.a(lib_a-nano-mallocr.o)
                                                  d:/gnu tools arm embedded/7 2018-q2-update/bin/../lib/gcc/arm-none-eabi/7.3.1/../../../../arm-none-eabi/lib/thumb/v7-m\libc_nano.a(lib_a-nano-freer.o)
__muldf3                                          d:/gnu tools arm embedded/7 2018-q2-update/bin/../lib/gcc/arm-none-eabi/7.3.1/thumb/v7-m\libgcc.a(_arm_muldivdf3.o)
__mulsf3                                          d:/gnu tools arm embedded/7 2018-q2-update/bin/../lib/gcc/arm-none-eabi/7.3.1/thumb/v7-m\libgcc.a(_arm_muldivsf3.o)
__preinit_array_end                               d:/gnu tools arm embedded/7 2018-q2-update/bin/../lib/gcc/arm-none-eabi/7.3.1/../../../../arm-none-eabi/lib/thumb/v7-m\libc_nano.a(lib_a-init.o)
__preinit_array_start                             d:/gnu tools arm embedded/7 2018-q2-update/bin/../lib/gcc/arm-none-eabi/7.3.1/../../../../arm-none-eabi/lib/thumb/v7-m\libc_nano.a(lib_a-init.o)
__register_frame_info                             d:/gnu tools arm embedded/7 2018-q2-update/bin/../lib/gcc/arm-none-eabi/7.3.1/thumb/v7-m/crtbegin.o
__sclose                                          d:/gnu tools arm embedded/7 2018-q2-update/bin/../lib/gcc/arm-none-eabi/7.3.1/../../../../arm-none-eabi/lib/thumb/v7-m\libc_nano.a(lib_a-stdio.o)
                                                  d:/gnu tools arm embedded/7 2018-q2-update/bin/../lib/gcc/arm-none-eabi/7.3.1/../../../../arm-none-eabi/lib/thumb/v7-m\libc_nano.a(lib_a-findfp.o)
__seofread                                        d:/gnu tools arm embedded/7 2018-q2-update/bin/../lib/gcc/arm-none-eabi/7.3.1/../../../../arm-none-eabi/lib/thumb/v7-m\libc_nano.a(lib_a-stdio.o)
__sf_fake_stderr                                  d:/gnu tools arm embedded/7 2018-q2-update/bin/../lib/gcc/arm-none-eabi/7.3.1/../../../../arm-none-eabi/lib/thumb/v7-m\libc_nano.a(lib_a-findfp.o)
                                                  d:/gnu tools arm embedded/7 2018-q2-update/bin/../lib/gcc/arm-none-eabi/7.3.1/../../../../arm-none-eabi/lib/thumb/v7-m\libc_nano.a(lib_a-fflush.o)
                                                  d:/gnu tools arm embedded/7 2018-q2-update/bin/../lib/gcc/arm-none-eabi/7.3.1/../../../../arm-none-eabi/lib/thumb/v7-m\libc_nano.a(lib_a-wsetup.o)
                                                  d:/gnu tools arm embedded/7 2018-q2-update/bin/../lib/gcc/arm-none-eabi/7.3.1/../../../../arm-none-eabi/lib/thumb/v7-m\libc_nano.a(lib_a-wbuf.o)
                                                  d:/gnu tools arm embedded/7 2018-q2-update/bin/../lib/gcc/arm-none-eabi/7.3.1/../../../../arm-none-eabi/lib/thumb/v7-m\libc_nano.a(lib_a-nano-vfprintf.o)
                                                  d:/gnu tools arm embedded/7 2018-q2-update/bin/../lib/gcc/arm-none-eabi/7.3.1/../../../../arm-none-eabi/lib/thumb/v7-m\libc_nano.a(lib_a-impure.o)
__sf_fake_stdin                                   d:/gnu tools arm embedded/7 2018-q2-update/bin/../lib/gcc/arm-none-eabi/7.3.1/../../../../arm-none-eabi/lib/thumb/v7-m\libc_nano.a(lib_a-findfp.o)
                                                  d:/gnu tools arm embedded/7 2018-q2-update/bin/../lib/gcc/arm-none-eabi/7.3.1/../../../../arm-none-eabi/lib/thumb/v7-m\libc_nano.a(lib_a-fflush.o)
                                                  d:/gnu tools arm embedded/7 2018-q2-update/bin/../lib/gcc/arm-none-eabi/7.3.1/../../../../arm-none-eabi/lib/thumb/v7-m\libc_nano.a(lib_a-wsetup.o)
                                                  d:/gnu tools arm embedded/7 2018-q2-update/bin/../lib/gcc/arm-none-eabi/7.3.1/../../../../arm-none-eabi/lib/thumb/v7-m\libc_nano.a(lib_a-wbuf.o)
                                                  d:/gnu tools arm embedded/7 2018-q2-update/bin/../lib/gcc/arm-none-eabi/7.3.1/../../../../arm-none-eabi/lib/thumb/v7-m\libc_nano.a(lib_a-nano-vfprintf.o)
                                                  d:/gnu tools arm embedded/7 2018-q2-update/bin/../lib/gcc/arm-none-eabi/7.3.1/../../../../arm-none-eabi/lib/thumb/v7-m\libc_nano.a(lib_a-impure.o)
__sf_fake_stdout                                  d:/gnu tools arm embedded/7 2018-q2-update/bin/../lib/gcc/arm-none-eabi/7.3.1/../../../../arm-none-eabi/lib/thumb/v7-m\libc_nano.a(lib_a-findfp.o)
                                                  d:/gnu tools arm embedded/7 2018-q2-update/bin/../lib/gcc/arm-none-eabi/7.3.1/../../../../arm-none-eabi/lib/thumb/v7-m\libc_nano.a(lib_a-fflush.o)
                                                  d:/gnu tools arm embedded/7 2018-q2-update/bin/../lib/gcc/arm-none-eabi/7.3.1/../../../../arm-none-eabi/lib/thumb/v7-m\libc_nano.a(lib_a-wsetup.o)
                                                  d:/gnu tools arm embedded/7 2018-q2-update/bin/../lib/gcc/arm-none-eabi/7.3.1/../../../../arm-none-eabi/lib/thumb/v7-m\libc_nano.a(lib_a-wbuf.o)
                                                  d:/gnu tools arm embedded/7 2018-q2-update/bin/../lib/gcc/arm-none-eabi/7.3.1/../../../../arm-none-eabi/lib/thumb/v7-m\libc_nano.a(lib_a-nano-vfprintf.o)
                                                  d:/gnu tools arm embedded/7 2018-q2-update/bin/../lib/gcc/arm-none-eabi/7.3.1/../../../../arm-none-eabi/lib/thumb/v7-m\libc_nano.a(lib_a-impure.o)
__sflush_r                                        d:/gnu tools arm embedded/7 2018-q2-update/bin/../lib/gcc/arm-none-eabi/7.3.1/../../../../arm-none-eabi/lib/thumb/v7-m\libc_nano.a(lib_a-fflush.o)
__sfmoreglue                                      d:/gnu tools arm embedded/7 2018-q2-update/bin/../lib/gcc/arm-none-eabi/7.3.1/../../../../arm-none-eabi/lib/thumb/v7-m\libc_nano.a(lib_a-findfp.o)
__sfp                                             d:/gnu tools arm embedded/7 2018-q2-update/bin/../lib/gcc/arm-none-eabi/7.3.1/../../../../arm-none-eabi/lib/thumb/v7-m\libc_nano.a(lib_a-findfp.o)
__sfp_lock_acquire                                d:/gnu tools arm embedded/7 2018-q2-update/bin/../lib/gcc/arm-none-eabi/7.3.1/../../../../arm-none-eabi/lib/thumb/v7-m\libc_nano.a(lib_a-findfp.o)
__sfp_lock_release                                d:/gnu tools arm embedded/7 2018-q2-update/bin/../lib/gcc/arm-none-eabi/7.3.1/../../../../arm-none-eabi/lib/thumb/v7-m\libc_nano.a(lib_a-findfp.o)
__sfputs_r                                        d:/gnu tools arm embedded/7 2018-q2-update/bin/../lib/gcc/arm-none-eabi/7.3.1/../../../../arm-none-eabi/lib/thumb/v7-m\libc_nano.a(lib_a-nano-vfprintf.o)
__sfvwrite_r                                      d:/gnu tools arm embedded/7 2018-q2-update/bin/../lib/gcc/arm-none-eabi/7.3.1/../../../../arm-none-eabi/lib/thumb/v7-m\libc_nano.a(lib_a-fvwrite.o)